../Core/Src/IMU.c:43:7:IMU_convertAccel	0	static
../Core/Src/IMU.c:50:7:IMU_convertGyro	0	static
../Core/Src/IMU.c:107:6:IMU_chipSelect	8	static
../Core/Src/IMU.c:71:19:IMU_readRegister	8	static,ignoring_inline_asm
../Core/Src/IMU.c:57:6:IMU_readSensorData	8	static,ignoring_inline_asm
../Core/Src/IMU.c:91:19:IMU_writeRegister	8	static,ignoring_inline_asm
../Core/Src/IMU.c:10:6:IMU_init	8	static,ignoring_inline_asm
../Core/Src/IMU.c:111:6:IMU_chipRelease	8	static
../Core/Src/IMU.c:115:6:IMU_updateOffsetCorrections	8	static,ignoring_inline_asm
