../Core/Src/processing.c:575:7:returnCurrentPosition	0	static
../Core/Src/processing.c:584:7:returnDebugOutput	20	static
../Core/Src/processing.c:626:6:calculateRotationMatrix	40	static
../Core/Src/processing.c:652:6:calculateStateEstimation	120	static
../Core/Src/processing.c:681:6:calculateStateEstimationErrorCovariance	1176	static
../Core/Src/processing.c:707:6:calculateGainMatrix	72	static
../Core/Src/processing.c:764:6:calculateOptimalStateEstimation	120	static
../Core/Src/processing.c:826:6:calculateOptimalEstimationErrorCovariance	1184	static
../Core/Src/processing.c:870:6:updateFMatrix	0	static
../Core/Src/processing.c:879:6:updateBMatrix	0	static
../Core/Src/processing.c:1003:6:updatePreviousMatrices	20	static
../Core/Src/processing.c:1019:6:cross_product	0	static
../Core/Src/processing.c:961:6:updateZiVector	56	static
../Core/Src/processing.c:1033:6:initRingBuffers	8	static
../Core/Src/processing.c:1048:6:getNextGyroReading	20	static
../Core/Src/processing.c:615:6:calculateAvgAngularRate	8	static
../Core/Src/processing.c:1071:6:getNextXLReading	28	static
../Core/Src/processing.c:894:6:updateUVector	96	static
../Core/Src/processing.c:1106:6:initZUPT	0	static
../Core/Src/processing.c:394:6:init_processing	8	static
../Core/Src/processing.c:1117:12:detectZUPTPhase	16	static
../Core/Src/processing.c:514:6:calculateCorrectedState	64	static
../Core/Src/processing.c:1181:18:createZUPTNode	0	static
