../Core/Src/compProcessing.c:343:6:euler_to_quaternion	136	static
../Core/Src/compProcessing.c:384:6:getAccelAngles	24	static
../Core/Src/compProcessing.c:423:6:updateGyroQuat	48	static
../Core/Src/compProcessing.c:451:6:updateAccelQuat	24	static
../Core/Src/compProcessing.c:459:6:calculateRotationMatrix	8	static
../Core/Src/compProcessing.c:466:6:calculateStateEstimation	120	static
../Core/Src/compProcessing.c:562:7:returnCompDebugOutput	16	static
../Core/Src/compProcessing.c:613:6:getNextGyroReading	4	static
../Core/Src/compProcessing.c:636:6:getNextXLReading	12	static
../Core/Src/compProcessing.c:682:6:clearZUPT	8	static
../Core/Src/compProcessing.c:761:11:createZUPTNode	16	static
../Core/Src/compProcessing.c:671:6:initZUPT	16	static
../Core/Src/compProcessing.c:701:12:detectZUPTPhase	16	static
../Core/Src/compProcessing.c:770:6:updatePreviousMatrices	0	static
../Core/Src/compProcessing.c:778:7:dot_f32	0	static
../Core/Src/compProcessing.c:402:6:quatSLERP	64	static
../Core/Src/compProcessing.c:782:6:cross_f32	0	static
../Core/Src/compProcessing.c:788:7:vec_mag_f32	8	static
../Core/Src/compProcessing.c:374:6:calculateAvgAngularRate	8	static
../Core/Src/compProcessing.c:495:6:initQuaternions	112	static
../Core/Src/compProcessing.c:794:6:cross_product	32	static
../Core/Src/compProcessing.c:806:6:initRingBuffers	16	static
../Core/Src/compProcessing.c:235:6:init_comp_processing	16	static
../Core/Src/compProcessing.c:596:6:resetCurrentPosition	16	static
../Core/Src/compProcessing.c:827:6:updateFMatrix	0	static
../Core/Src/compProcessing.c:836:6:updateBMatrix	0	static
../Core/Src/compProcessing.c:851:6:updateUVector	96	static
../Core/Src/compProcessing.c:291:6:calculateCompCorrectedState	24	static
../Core/Src/compProcessing.c:910:7:returnCurrentPosition	0	static
