../Core/Src/hueristicProcessing.c:97:6:roundVal	16	static
../Core/Src/hueristicProcessing.c:116:6:updateDirection	16	static
../Core/Src/hueristicProcessing.c:181:7:returnCurrentPosition	0	static
../Core/Src/hueristicProcessing.c:200:6:getNextGyroReading	12	static
../Core/Src/hueristicProcessing.c:234:6:clearZUPT	8	static
../Core/Src/hueristicProcessing.c:313:11:createZUPTNode	16	static
../Core/Src/hueristicProcessing.c:223:6:initZUPT	16	static
../Core/Src/hueristicProcessing.c:253:12:detectZUPTPhase	16	static
../Core/Src/hueristicProcessing.c:336:6:initRingBuffers	16	static
../Core/Src/hueristicProcessing.c:350:7:dot_f32	0	static
../Core/Src/hueristicProcessing.c:354:6:cross_f32	0	static
../Core/Src/hueristicProcessing.c:360:7:vec_mag_f32	8	static
../Core/Src/hueristicProcessing.c:189:6:calculateAvgAngularRate	8	static
../Core/Src/hueristicProcessing.c:103:6:calibrate	16	static
../Core/Src/hueristicProcessing.c:61:6:calculatePosition	56	static
../Core/Src/hueristicProcessing.c:366:6:cross_product	32	static
../Core/Src/hueristicProcessing.c:378:6:initQuaternion	96	static
../Core/Src/hueristicProcessing.c:169:6:init_heuristic_processing	16	static
../Core/Src/hueristicProcessing.c:322:6:resetCurrentPosition	24	static
