../Core/Src/main.c:460:13:MX_GPIO_Init	64	static
../Core/Src/main.c:104:9:sendCurrentPosition	48	static
../Core/Src/main.c:541:6:parseXbeeData	0	static
../Core/Src/main.c:562:6:HAL_GPIO_EXTI_Callback	8	static
../Core/Src/main.c:584:6:Error_Handler	0	static,ignoring_inline_asm
../Core/Src/main.c:322:13:MX_SPI1_Init	8	static
../Core/Src/main.c:362:13:MX_SPI3_Init	8	static
../Core/Src/main.c:402:13:MX_TIM2_Init	64	static
../Core/Src/main.c:277:6:SystemClock_Config	96	static
../Core/Src/main.c:161:5:main	8	static
