../Core/Src/processing.c:684:7:returnCurrentPosition	0	static
../Core/Src/processing.c:693:7:returnDebugOutput	16	static
../Core/Src/processing.c:736:6:calculateRotationMatrix	32	static
../Core/Src/processing.c:762:6:calculateStateEstimation	120	static
../Core/Src/processing.c:791:6:calculateStateEstimationErrorCovariance	1176	static
../Core/Src/processing.c:819:6:calculateGainMatrix	80	static
../Core/Src/processing.c:909:6:calculateOptimalStateEstimation	96	static
../Core/Src/processing.c:962:6:calculateOptimalEstimationErrorCovariance	2376	static
../Core/Src/processing.c:1050:6:updateFMatrix	0	static
../Core/Src/processing.c:1059:6:updateBMatrix	0	static
../Core/Src/processing.c:1182:6:updatePreviousMatrices	4	static
../Core/Src/processing.c:1196:7:dot_f32	0	static
../Core/Src/processing.c:1200:6:cross_f32	0	static
../Core/Src/processing.c:1206:7:vec_mag_f32	8	static
../Core/Src/processing.c:1212:6:cross_product	32	static
../Core/Src/processing.c:1140:6:updateZiVector	56	static
../Core/Src/processing.c:1224:6:initRingBuffers	16	static
../Core/Src/processing.c:1244:6:initQuaternion	96	static
../Core/Src/processing.c:1302:6:getNextGyroReading	8	static
../Core/Src/processing.c:726:6:calculateAvgAngularRate	8	static
../Core/Src/processing.c:1325:6:getNextXLReading	12	static
../Core/Src/processing.c:1074:6:updateUVector	96	static
../Core/Src/processing.c:1371:6:clearZUPT	8	static
../Core/Src/processing.c:1450:11:createZUPTNode	16	static
../Core/Src/processing.c:1360:6:initZUPT	16	static
../Core/Src/processing.c:461:6:init_processing	16	static
../Core/Src/processing.c:581:6:resetCurrentPosition	16	static
../Core/Src/processing.c:1390:12:detectZUPTPhase	16	static
../Core/Src/processing.c:605:6:calculateCorrectedState	56	static
