../Core/Src/processing.c:589:7:returnCurrentPosition	0	static
../Core/Src/processing.c:598:7:returnDebugOutput	12	static
../Core/Src/processing.c:640:6:calculateRotationMatrix	32	static
../Core/Src/processing.c:666:6:calculateStateEstimation	120	static
../Core/Src/processing.c:695:6:calculateStateEstimationErrorCovariance	1176	static
../Core/Src/processing.c:721:6:calculateGainMatrix	72	static
../Core/Src/processing.c:782:6:calculateOptimalStateEstimation	104	static
../Core/Src/processing.c:840:6:calculateOptimalEstimationErrorCovariance	2384	static
../Core/Src/processing.c:923:6:updateFMatrix	0	static
../Core/Src/processing.c:932:6:updateBMatrix	0	static
../Core/Src/processing.c:1056:6:updatePreviousMatrices	4	static
../Core/Src/processing.c:1072:7:dot_f32	0	static
../Core/Src/processing.c:1076:6:cross_f32	0	static
../Core/Src/processing.c:1082:7:vec_mag_f32	8	static
../Core/Src/processing.c:1088:6:cross_product	32	static
../Core/Src/processing.c:1014:6:updateZiVector	56	static
../Core/Src/processing.c:1100:6:initRingBuffers	0	static
../Core/Src/processing.c:1115:6:initQuaternion	96	static
../Core/Src/processing.c:1173:6:getNextGyroReading	8	static
../Core/Src/processing.c:630:6:calculateAvgAngularRate	8	static
../Core/Src/processing.c:1196:6:getNextXLReading	12	static
../Core/Src/processing.c:947:6:updateUVector	104	static
../Core/Src/processing.c:1306:11:createZUPTNode	16	static
../Core/Src/processing.c:1231:6:initZUPT	16	static
../Core/Src/processing.c:393:6:init_processing	16	static
../Core/Src/processing.c:1242:12:detectZUPTPhase	16	static
../Core/Src/processing.c:513:6:calculateCorrectedState	56	static
