../Core/Src/processing.c:649:7:returnCurrentPosition	0	static
../Core/Src/processing.c:658:7:returnDebugOutput	12	static
../Core/Src/processing.c:700:6:calculateRotationMatrix	32	static
../Core/Src/processing.c:726:6:calculateStateEstimation	120	static
../Core/Src/processing.c:755:6:calculateStateEstimationErrorCovariance	1176	static
../Core/Src/processing.c:781:6:calculateGainMatrix	72	static
../Core/Src/processing.c:842:6:calculateOptimalStateEstimation	104	static
../Core/Src/processing.c:900:6:calculateOptimalEstimationErrorCovariance	2384	static
../Core/Src/processing.c:983:6:updateFMatrix	0	static
../Core/Src/processing.c:992:6:updateBMatrix	0	static
../Core/Src/processing.c:1116:6:updatePreviousMatrices	4	static
../Core/Src/processing.c:1132:7:dot_f32	0	static
../Core/Src/processing.c:1136:6:cross_f32	0	static
../Core/Src/processing.c:1142:7:vec_mag_f32	8	static
../Core/Src/processing.c:1148:6:cross_product	32	static
../Core/Src/processing.c:1074:6:updateZiVector	56	static
../Core/Src/processing.c:1160:6:initRingBuffers	0	static
../Core/Src/processing.c:1175:6:initQuaternion	96	static
../Core/Src/processing.c:1233:6:getNextGyroReading	8	static
../Core/Src/processing.c:690:6:calculateAvgAngularRate	8	static
../Core/Src/processing.c:1256:6:getNextXLReading	12	static
../Core/Src/processing.c:1007:6:updateUVector	104	static
../Core/Src/processing.c:1302:6:clearZUPT	8	static
../Core/Src/processing.c:1381:11:createZUPTNode	16	static
../Core/Src/processing.c:1291:6:initZUPT	16	static
../Core/Src/processing.c:429:6:init_processing	16	static
../Core/Src/processing.c:549:6:resetCurrentPosition	16	static
../Core/Src/processing.c:1321:12:detectZUPTPhase	16	static
../Core/Src/processing.c:573:6:calculateCorrectedState	56	static
