../Core/Src/processing.c:586:7:returnCurrentPosition	0	static
../Core/Src/processing.c:595:7:returnDebugOutput	12	static
../Core/Src/processing.c:638:6:calculateRotationMatrix	32	static
../Core/Src/processing.c:664:6:calculateStateEstimation	120	static
../Core/Src/processing.c:693:6:calculateStateEstimationErrorCovariance	1176	static
../Core/Src/processing.c:719:6:calculateGainMatrix	72	static
../Core/Src/processing.c:780:6:calculateOptimalStateEstimation	104	static
../Core/Src/processing.c:838:6:calculateOptimalEstimationErrorCovariance	2384	static
../Core/Src/processing.c:921:6:updateFMatrix	0	static
../Core/Src/processing.c:930:6:updateBMatrix	0	static
../Core/Src/processing.c:1054:6:updatePreviousMatrices	4	static
../Core/Src/processing.c:1070:6:cross_product	24	static
../Core/Src/processing.c:1012:6:updateZiVector	56	static
../Core/Src/processing.c:1084:6:initRingBuffers	0	static
../Core/Src/processing.c:1099:6:getNextGyroReading	8	static
../Core/Src/processing.c:627:6:calculateAvgAngularRate	8	static
../Core/Src/processing.c:1122:6:getNextXLReading	12	static
../Core/Src/processing.c:945:6:updateUVector	104	static
../Core/Src/processing.c:1232:11:createZUPTNode	16	static
../Core/Src/processing.c:1157:6:initZUPT	16	static
../Core/Src/processing.c:390:6:init_processing	8	static
../Core/Src/processing.c:1168:12:detectZUPTPhase	16	static
../Core/Src/processing.c:510:6:calculateCorrectedState	56	static
