Archive member included to satisfy reference by file (symbol)

c:/st/stm32cubeide_1.7.0/stm32cubeide/plugins/com.st.stm32cube.ide.mcu.externaltools.gnu-tools-for-stm32.10.3-2021.10.win32_1.0.100.202210260954/tools/bin/../lib/gcc/arm-none-eabi/10.3.1/../../../../arm-none-eabi/lib/thumb/v7e-m+fp/hard\libc_nano.a(lib_a-assert.o)
                              ./Core/Src/IMU.o (__assert_func)
c:/st/stm32cubeide_1.7.0/stm32cubeide/plugins/com.st.stm32cube.ide.mcu.externaltools.gnu-tools-for-stm32.10.3-2021.10.win32_1.0.100.202210260954/tools/bin/../lib/gcc/arm-none-eabi/10.3.1/../../../../arm-none-eabi/lib/thumb/v7e-m+fp/hard\libc_nano.a(lib_a-errno.o)
                              ./Core/Src/syscalls.o (__errno)
c:/st/stm32cubeide_1.7.0/stm32cubeide/plugins/com.st.stm32cube.ide.mcu.externaltools.gnu-tools-for-stm32.10.3-2021.10.win32_1.0.100.202210260954/tools/bin/../lib/gcc/arm-none-eabi/10.3.1/../../../../arm-none-eabi/lib/thumb/v7e-m+fp/hard\libc_nano.a(lib_a-exit.o)
                              c:/st/stm32cubeide_1.7.0/stm32cubeide/plugins/com.st.stm32cube.ide.mcu.externaltools.gnu-tools-for-stm32.10.3-2021.10.win32_1.0.100.202210260954/tools/bin/../lib/gcc/arm-none-eabi/10.3.1/../../../../arm-none-eabi/lib/thumb/v7e-m+fp/hard/crt0.o (exit)
c:/st/stm32cubeide_1.7.0/stm32cubeide/plugins/com.st.stm32cube.ide.mcu.externaltools.gnu-tools-for-stm32.10.3-2021.10.win32_1.0.100.202210260954/tools/bin/../lib/gcc/arm-none-eabi/10.3.1/../../../../arm-none-eabi/lib/thumb/v7e-m+fp/hard\libc_nano.a(lib_a-fprintf.o)
                              c:/st/stm32cubeide_1.7.0/stm32cubeide/plugins/com.st.stm32cube.ide.mcu.externaltools.gnu-tools-for-stm32.10.3-2021.10.win32_1.0.100.202210260954/tools/bin/../lib/gcc/arm-none-eabi/10.3.1/../../../../arm-none-eabi/lib/thumb/v7e-m+fp/hard\libc_nano.a(lib_a-assert.o) (fiprintf)
c:/st/stm32cubeide_1.7.0/stm32cubeide/plugins/com.st.stm32cube.ide.mcu.externaltools.gnu-tools-for-stm32.10.3-2021.10.win32_1.0.100.202210260954/tools/bin/../lib/gcc/arm-none-eabi/10.3.1/../../../../arm-none-eabi/lib/thumb/v7e-m+fp/hard\libc_nano.a(lib_a-impure.o)
                              c:/st/stm32cubeide_1.7.0/stm32cubeide/plugins/com.st.stm32cube.ide.mcu.externaltools.gnu-tools-for-stm32.10.3-2021.10.win32_1.0.100.202210260954/tools/bin/../lib/gcc/arm-none-eabi/10.3.1/../../../../arm-none-eabi/lib/thumb/v7e-m+fp/hard\libc_nano.a(lib_a-exit.o) (_global_impure_ptr)
c:/st/stm32cubeide_1.7.0/stm32cubeide/plugins/com.st.stm32cube.ide.mcu.externaltools.gnu-tools-for-stm32.10.3-2021.10.win32_1.0.100.202210260954/tools/bin/../lib/gcc/arm-none-eabi/10.3.1/../../../../arm-none-eabi/lib/thumb/v7e-m+fp/hard\libc_nano.a(lib_a-init.o)
                              c:/st/stm32cubeide_1.7.0/stm32cubeide/plugins/com.st.stm32cube.ide.mcu.externaltools.gnu-tools-for-stm32.10.3-2021.10.win32_1.0.100.202210260954/tools/bin/../lib/gcc/arm-none-eabi/10.3.1/../../../../arm-none-eabi/lib/thumb/v7e-m+fp/hard/crt0.o (__libc_init_array)
c:/st/stm32cubeide_1.7.0/stm32cubeide/plugins/com.st.stm32cube.ide.mcu.externaltools.gnu-tools-for-stm32.10.3-2021.10.win32_1.0.100.202210260954/tools/bin/../lib/gcc/arm-none-eabi/10.3.1/../../../../arm-none-eabi/lib/thumb/v7e-m+fp/hard\libc_nano.a(lib_a-malloc.o)
                              ./Core/Src/processing.o (malloc)
c:/st/stm32cubeide_1.7.0/stm32cubeide/plugins/com.st.stm32cube.ide.mcu.externaltools.gnu-tools-for-stm32.10.3-2021.10.win32_1.0.100.202210260954/tools/bin/../lib/gcc/arm-none-eabi/10.3.1/../../../../arm-none-eabi/lib/thumb/v7e-m+fp/hard\libc_nano.a(lib_a-memcpy-stub.o)
                              ./Middlewares/Third_Party/ARM_CMSIS/CMSIS/DSP/Source/MatrixFunctions/arm_mat_ldlt_f32.o (memcpy)
c:/st/stm32cubeide_1.7.0/stm32cubeide/plugins/com.st.stm32cube.ide.mcu.externaltools.gnu-tools-for-stm32.10.3-2021.10.win32_1.0.100.202210260954/tools/bin/../lib/gcc/arm-none-eabi/10.3.1/../../../../arm-none-eabi/lib/thumb/v7e-m+fp/hard\libc_nano.a(lib_a-memset.o)
                              c:/st/stm32cubeide_1.7.0/stm32cubeide/plugins/com.st.stm32cube.ide.mcu.externaltools.gnu-tools-for-stm32.10.3-2021.10.win32_1.0.100.202210260954/tools/bin/../lib/gcc/arm-none-eabi/10.3.1/../../../../arm-none-eabi/lib/thumb/v7e-m+fp/hard/crt0.o (memset)
c:/st/stm32cubeide_1.7.0/stm32cubeide/plugins/com.st.stm32cube.ide.mcu.externaltools.gnu-tools-for-stm32.10.3-2021.10.win32_1.0.100.202210260954/tools/bin/../lib/gcc/arm-none-eabi/10.3.1/../../../../arm-none-eabi/lib/thumb/v7e-m+fp/hard\libc_nano.a(lib_a-nano-freer.o)
                              c:/st/stm32cubeide_1.7.0/stm32cubeide/plugins/com.st.stm32cube.ide.mcu.externaltools.gnu-tools-for-stm32.10.3-2021.10.win32_1.0.100.202210260954/tools/bin/../lib/gcc/arm-none-eabi/10.3.1/../../../../arm-none-eabi/lib/thumb/v7e-m+fp/hard\libc_nano.a(lib_a-malloc.o) (_free_r)
[...]
Memory Configuration

Name             Origin             Length             Attributes
RAM              0x0000000020000000 0x0000000000010000 xrw
RAM2             0x0000000010000000 0x0000000000004000 xrw
FLASH            0x0000000008000000 0x0000000000040000 xr
*default*        0x0000000000000000 0xffffffffffffffff

Linker script and memory map

LOAD c:/st/stm32cubeide_1.7.0/stm32cubeide/plugins/com.st.stm32cube.ide.mcu.externaltools.gnu-tools-for-stm32.10.3-2021.10.win32_1.0.100.202210260954/tools/bin/../lib/gcc/arm-none-eabi/10.3.1/thumb/v7e-m+fp/hard/crti.o
LOAD c:/st/stm32cubeide_1.7.0/stm32cubeide/plugins/com.st.stm32cube.ide.mcu.externaltools.gnu-tools-for-stm32.10.3-2021.10.win32_1.0.100.202210260954/tools/bin/../lib/gcc/arm-none-eabi/10.3.1/thumb/v7e-m+fp/hard/crtbegin.o
LOAD c:/st/stm32cubeide_1.7.0/stm32cubeide/plugins/com.st.stm32cube.ide.mcu.externaltools.gnu-tools-for-stm32.10.3-2021.10.win32_1.0.100.202210260954/tools/bin/../lib/gcc/arm-none-eabi/10.3.1/../../../../arm-none-eabi/lib/thumb/v7e-m+fp/hard/crt0.o
LOAD ./Core/Src/IMU.o
LOAD ./Core/Src/main.o
LOAD ./Core/Src/processing.o
LOAD ./Core/Src/stm32l4xx_hal_msp.o
LOAD ./Core/Src/stm32l4xx_it.o
LOAD ./Core/Src/syscalls.o
LOAD ./Core/Src/sysmem.o
LOAD ./Core/Src/system_stm32l4xx.o
LOAD ./Core/Startup/startup_stm32l443cctx.o
LOAD ./Drivers/STM32L4xx_HAL_Driver/Src/stm32l4xx_hal.o
LOAD ./Drivers/STM32L4xx_HAL_Driver/Src/stm32l4xx_hal_cortex.o
LOAD ./Drivers/STM32L4xx_HAL_Driver/Src/stm32l4xx_hal_dma.o
LOAD ./Drivers/STM32L4xx_HAL_Driver/Src/stm32l4xx_hal_dma_ex.o
LOAD ./Drivers/STM32L4xx_HAL_Driver/Src/stm32l4xx_hal_exti.o
LOAD ./Drivers/STM32L4xx_HAL_Driver/Src/stm32l4xx_hal_flash.o
LOAD ./Drivers/STM32L4xx_HAL_Driver/Src/stm32l4xx_hal_flash_ex.o
LOAD ./Drivers/STM32L4xx_HAL_Driver/Src/stm32l4xx_hal_flash_ramfunc.o
LOAD ./Drivers/STM32L4xx_HAL_Driver/Src/stm32l4xx_hal_gpio.o
LOAD ./Drivers/STM32L4xx_HAL_Driver/Src/stm32l4xx_hal_i2c.o
LOAD ./Drivers/STM32L4xx_HAL_Driver/Src/stm32l4xx_hal_i2c_ex.o
LOAD ./Drivers/STM32L4xx_HAL_Driver/Src/stm32l4xx_hal_pwr.o
LOAD ./Drivers/STM32L4xx_HAL_Driver/Src/stm32l4xx_hal_pwr_ex.o
LOAD ./Drivers/STM32L4xx_HAL_Driver/Src/stm32l4xx_hal_rcc.o
LOAD ./Drivers/STM32L4xx_HAL_Driver/Src/stm32l4xx_hal_rcc_ex.o
LOAD ./Drivers/STM32L4xx_HAL_Driver/Src/stm32l4xx_hal_spi.o
LOAD ./Drivers/STM32L4xx_HAL_Driver/Src/stm32l4xx_hal_spi_ex.o
LOAD ./Middlewares/Third_Party/ARM_CMSIS/CMSIS/DSP/Source/BasicMathFunctions/arm_abs_f16.o
LOAD ./Middlewares/Third_Party/ARM_CMSIS/CMSIS/DSP/Source/BasicMathFunctions/arm_abs_f32.o
LOAD ./Middlewares/Third_Party/ARM_CMSIS/CMSIS/DSP/Source/BasicMathFunctions/arm_abs_q15.o
LOAD ./Middlewares/Third_Party/ARM_CMSIS/CMSIS/DSP/Source/BasicMathFunctions/arm_abs_q31.o
LOAD ./Middlewares/Third_Party/ARM_CMSIS/CMSIS/DSP/Source/BasicMathFunctions/arm_abs_q7.o
LOAD ./Middlewares/Third_Party/ARM_CMSIS/CMSIS/DSP/Source/BasicMathFunctions/arm_add_f16.o
LOAD ./Middlewares/Third_Party/ARM_CMSIS/CMSIS/DSP/Source/BasicMathFunctions/arm_add_f32.o
LOAD ./Middlewares/Third_Party/ARM_CMSIS/CMSIS/DSP/Source/BasicMathFunctions/arm_add_q15.o
LOAD ./Middlewares/Third_Party/ARM_CMSIS/CMSIS/DSP/Source/BasicMathFunctions/arm_add_q31.o
LOAD ./Middlewares/Third_Party/ARM_CMSIS/CMSIS/DSP/Source/BasicMathFunctions/arm_add_q7.o
LOAD ./Middlewares/Third_Party/ARM_CMSIS/CMSIS/DSP/Source/BasicMathFunctions/arm_and_u16.o
LOAD ./Middlewares/Third_Party/ARM_CMSIS/CMSIS/DSP/Source/BasicMathFunctions/arm_and_u32.o
LOAD ./Middlewares/Third_Party/ARM_CMSIS/CMSIS/DSP/Source/BasicMathFunctions/arm_and_u8.o
LOAD ./Middlewares/Third_Party/ARM_CMSIS/CMSIS/DSP/Source/BasicMathFunctions/arm_clip_f16.o
LOAD ./Middlewares/Third_Party/ARM_CMSIS/CMSIS/DSP/Source/BasicMathFunctions/arm_clip_f32.o
LOAD ./Middlewares/Third_Party/ARM_CMSIS/CMSIS/DSP/Source/BasicMathFunctions/arm_clip_q15.o
LOAD ./Middlewares/Third_Party/ARM_CMSIS/CMSIS/DSP/Source/BasicMathFunctions/arm_clip_q31.o
LOAD ./Middlewares/Third_Party/ARM_CMSIS/CMSIS/DSP/Source/BasicMathFunctions/arm_clip_q7.o
LOAD ./Middlewares/Third_Party/ARM_CMSIS/CMSIS/DSP/Source/BasicMathFunctions/arm_dot_prod_f16.o
LOAD ./Middlewares/Third_Party/ARM_CMSIS/CMSIS/DSP/Source/BasicMathFunctions/arm_dot_prod_f32.o
LOAD ./Middlewares/Third_Party/ARM_CMSIS/CMSIS/DSP/Source/BasicMathFunctions/arm_dot_prod_q15.o
LOAD ./Middlewares/Third_Party/ARM_CMSIS/CMSIS/DSP/Source/BasicMathFunctions/arm_dot_prod_q31.o
LOAD ./Middlewares/Third_Party/ARM_CMSIS/CMSIS/DSP/Source/BasicMathFunctions/arm_dot_prod_q7.o
LOAD ./Middlewares/Third_Party/ARM_CMSIS/CMSIS/DSP/Source/BasicMathFunctions/arm_mult_f16.o
LOAD ./Middlewares/Third_Party/ARM_CMSIS/CMSIS/DSP/Source/BasicMathFunctions/arm_mult_f32.o
LOAD ./Middlewares/Third_Party/ARM_CMSIS/CMSIS/DSP/Source/BasicMathFunctions/arm_mult_q15.o
LOAD ./Middlewares/Third_Party/ARM_CMSIS/CMSIS/DSP/Source/BasicMathFunctions/arm_mult_q31.o
LOAD ./Middlewares/Third_Party/ARM_CMSIS/CMSIS/DSP/Source/BasicMathFunctions/arm_mult_q7.o
LOAD ./Middlewares/Third_Party/ARM_CMSIS/CMSIS/DSP/Source/BasicMathFunctions/arm_negate_f16.o
LOAD ./Middlewares/Third_Party/ARM_CMSIS/CMSIS/DSP/Source/BasicMathFunctions/arm_negate_f32.o
LOAD ./Middlewares/Third_Party/ARM_CMSIS/CMSIS/DSP/Source/BasicMathFunctions/arm_negate_q15.o
LOAD ./Middlewares/Third_Party/ARM_CMSIS/CMSIS/DSP/Source/BasicMathFunctions/arm_negate_q31.o
LOAD ./Middlewares/Third_Party/ARM_CMSIS/CMSIS/DSP/Source/BasicMathFunctions/arm_negate_q7.o
LOAD ./Middlewares/Third_Party/ARM_CMSIS/CMSIS/DSP/Source/BasicMathFunctions/arm_not_u16.o
LOAD ./Middlewares/Third_Party/ARM_CMSIS/CMSIS/DSP/Source/BasicMathFunctions/arm_not_u32.o
LOAD ./Middlewares/Third_Party/ARM_CMSIS/CMSIS/DSP/Source/BasicMathFunctions/arm_not_u8.o
LOAD ./Middlewares/Third_Party/ARM_CMSIS/CMSIS/DSP/Source/BasicMathFunctions/arm_offset_f16.o
LOAD ./Middlewares/Third_Party/ARM_CMSIS/CMSIS/DSP/Source/BasicMathFunctions/arm_offset_f32.o
LOAD ./Middlewares/Third_Party/ARM_CMSIS/CMSIS/DSP/Source/BasicMathFunctions/arm_offset_q15.o
LOAD ./Middlewares/Third_Party/ARM_CMSIS/CMSIS/DSP/Source/BasicMathFunctions/arm_offset_q31.o
LOAD ./Middlewares/Third_Party/ARM_CMSIS/CMSIS/DSP/Source/BasicMathFunctions/arm_offset_q7.o
LOAD ./Middlewares/Third_Party/ARM_CMSIS/CMSIS/DSP/Source/BasicMathFunctions/arm_or_u16.o
LOAD ./Middlewares/Third_Party/ARM_CMSIS/CMSIS/DSP/Source/BasicMathFunctions/arm_or_u32.o
LOAD ./Middlewares/Third_Party/ARM_CMSIS/CMSIS/DSP/Source/BasicMathFunctions/arm_or_u8.o
LOAD ./Middlewares/Third_Party/ARM_CMSIS/CMSIS/DSP/Source/BasicMathFunctions/arm_scale_f16.o
LOAD ./Middlewares/Third_Party/ARM_CMSIS/CMSIS/DSP/Source/BasicMathFunctions/arm_scale_f32.o
LOAD ./Middlewares/Third_Party/ARM_CMSIS/CMSIS/DSP/Source/BasicMathFunctions/arm_scale_q15.o
LOAD ./Middlewares/Third_Party/ARM_CMSIS/CMSIS/DSP/Source/BasicMathFunctions/arm_scale_q31.o
LOAD ./Middlewares/Third_Party/ARM_CMSIS/CMSIS/DSP/Source/BasicMathFunctions/arm_scale_q7.o
LOAD ./Middlewares/Third_Party/ARM_CMSIS/CMSIS/DSP/Source/BasicMathFunctions/arm_shift_q15.o
LOAD ./Middlewares/Third_Party/ARM_CMSIS/CMSIS/DSP/Source/BasicMathFunctions/arm_shift_q31.o
LOAD ./Middlewares/Third_Party/ARM_CMSIS/CMSIS/DSP/Source/BasicMathFunctions/arm_shift_q7.o
LOAD ./Middlewares/Third_Party/ARM_CMSIS/CMSIS/DSP/Source/BasicMathFunctions/arm_sub_f16.o
LOAD ./Middlewares/Third_Party/ARM_CMSIS/CMSIS/DSP/Source/BasicMathFunctions/arm_sub_f32.o
LOAD ./Middlewares/Third_Party/ARM_CMSIS/CMSIS/DSP/Source/BasicMathFunctions/arm_sub_q15.o
LOAD ./Middlewares/Third_Party/ARM_CMSIS/CMSIS/DSP/Source/BasicMathFunctions/arm_sub_q31.o
LOAD ./Middlewares/Third_Party/ARM_CMSIS/CMSIS/DSP/Source/BasicMathFunctions/arm_sub_q7.o
LOAD ./Middlewares/Third_Party/ARM_CMSIS/CMSIS/DSP/Source/BasicMathFunctions/arm_xor_u16.o
LOAD ./Middlewares/Third_Party/ARM_CMSIS/CMSIS/DSP/Source/BasicMathFunctions/arm_xor_u32.o
LOAD ./Middlewares/Third_Party/ARM_CMSIS/CMSIS/DSP/Source/BasicMathFunctions/arm_xor_u8.o
LOAD ./Middlewares/Third_Party/ARM_CMSIS/CMSIS/DSP/Source/BayesFunctions/arm_gaussian_naive_bayes_predict_f16.o
LOAD ./Middlewares/Third_Party/ARM_CMSIS/CMSIS/DSP/Source/BayesFunctions/arm_gaussian_naive_bayes_predict_f32.o
LOAD ./Middlewares/Third_Party/ARM_CMSIS/CMSIS/DSP/Source/CommonTables/arm_common_tables.o
LOAD ./Middlewares/Third_Party/ARM_CMSIS/CMSIS/DSP/Source/CommonTables/arm_common_tables_f16.o
LOAD ./Middlewares/Third_Party/ARM_CMSIS/CMSIS/DSP/Source/CommonTables/arm_const_structs.o
LOAD ./Middlewares/Third_Party/ARM_CMSIS/CMSIS/DSP/Source/CommonTables/arm_const_structs_f16.o
LOAD ./Middlewares/Third_Party/ARM_CMSIS/CMSIS/DSP/Source/CommonTables/arm_mve_tables.o
LOAD ./Middlewares/Third_Party/ARM_CMSIS/CMSIS/DSP/Source/CommonTables/arm_mve_tables_f16.o
LOAD ./Middlewares/Third_Party/ARM_CMSIS/CMSIS/DSP/Source/ComplexMathFunctions/arm_cmplx_conj_f16.o
LOAD ./Middlewares/Third_Party/ARM_CMSIS/CMSIS/DSP/Source/ComplexMathFunctions/arm_cmplx_conj_f32.o
LOAD ./Middlewares/Third_Party/ARM_CMSIS/CMSIS/DSP/Source/ComplexMathFunctions/arm_cmplx_conj_q15.o
LOAD ./Middlewares/Third_Party/ARM_CMSIS/CMSIS/DSP/Source/ComplexMathFunctions/arm_cmplx_conj_q31.o
LOAD ./Middlewares/Third_Party/ARM_CMSIS/CMSIS/DSP/Source/ComplexMathFunctions/arm_cmplx_dot_prod_f16.o
LOAD ./Middlewares/Third_Party/ARM_CMSIS/CMSIS/DSP/Source/ComplexMathFunctions/arm_cmplx_dot_prod_f32.o
LOAD ./Middlewares/Third_Party/ARM_CMSIS/CMSIS/DSP/Source/ComplexMathFunctions/arm_cmplx_dot_prod_q15.o
LOAD ./Middlewares/Third_Party/ARM_CMSIS/CMSIS/DSP/Source/ComplexMathFunctions/arm_cmplx_dot_prod_q31.o
LOAD ./Middlewares/Third_Party/ARM_CMSIS/CMSIS/DSP/Source/ComplexMathFunctions/arm_cmplx_mag_f16.o
LOAD ./Middlewares/Third_Party/ARM_CMSIS/CMSIS/DSP/Source/ComplexMathFunctions/arm_cmplx_mag_f32.o
LOAD ./Middlewares/Third_Party/ARM_CMSIS/CMSIS/DSP/Source/ComplexMathFunctions/arm_cmplx_mag_q15.o
LOAD ./Middlewares/Third_Party/ARM_CMSIS/CMSIS/DSP/Source/ComplexMathFunctions/arm_cmplx_mag_q31.o
LOAD ./Middlewares/Third_Party/ARM_CMSIS/CMSIS/DSP/Source/ComplexMathFunctions/arm_cmplx_mag_squared_f16.o
LOAD ./Middlewares/Third_Party/ARM_CMSIS/CMSIS/DSP/Source/ComplexMathFunctions/arm_cmplx_mag_squared_f32.o
LOAD ./Middlewares/Third_Party/ARM_CMSIS/CMSIS/DSP/Source/ComplexMathFunctions/arm_cmplx_mag_squared_q15.o
LOAD ./Middlewares/Third_Party/ARM_CMSIS/CMSIS/DSP/Source/ComplexMathFunctions/arm_cmplx_mag_squared_q31.o
LOAD ./Middlewares/Third_Party/ARM_CMSIS/CMSIS/DSP/Source/ComplexMathFunctions/arm_cmplx_mult_cmplx_f16.o
LOAD ./Middlewares/Third_Party/ARM_CMSIS/CMSIS/DSP/Source/ComplexMathFunctions/arm_cmplx_mult_cmplx_f32.o
LOAD ./Middlewares/Third_Party/ARM_CMSIS/CMSIS/DSP/Source/ComplexMathFunctions/arm_cmplx_mult_cmplx_q15.o
LOAD ./Middlewares/Third_Party/ARM_CMSIS/CMSIS/DSP/Source/ComplexMathFunctions/arm_cmplx_mult_cmplx_q31.o
LOAD ./Middlewares/Third_Party/ARM_CMSIS/CMSIS/DSP/Source/ComplexMathFunctions/arm_cmplx_mult_real_f16.o
LOAD ./Middlewares/Third_Party/ARM_CMSIS/CMSIS/DSP/Source/ComplexMathFunctions/arm_cmplx_mult_real_f32.o
LOAD ./Middlewares/Third_Party/ARM_CMSIS/CMSIS/DSP/Source/ComplexMathFunctions/arm_cmplx_mult_real_q15.o
LOAD ./Middlewares/Third_Party/ARM_CMSIS/CMSIS/DSP/Source/ComplexMathFunctions/arm_cmplx_mult_real_q31.o
LOAD ./Middlewares/Third_Party/ARM_CMSIS/CMSIS/DSP/Source/ControllerFunctions/arm_pid_init_f32.o
LOAD ./Middlewares/Third_Party/ARM_CMSIS/CMSIS/DSP/Source/ControllerFunctions/arm_pid_init_q15.o
LOAD ./Middlewares/Third_Party/ARM_CMSIS/CMSIS/DSP/Source/ControllerFunctions/arm_pid_init_q31.o
LOAD ./Middlewares/Third_Party/ARM_CMSIS/CMSIS/DSP/Source/ControllerFunctions/arm_pid_reset_f32.o
LOAD ./Middlewares/Third_Party/ARM_CMSIS/CMSIS/DSP/Source/ControllerFunctions/arm_pid_reset_q15.o
LOAD ./Middlewares/Third_Party/ARM_CMSIS/CMSIS/DSP/Source/ControllerFunctions/arm_pid_reset_q31.o
LOAD ./Middlewares/Third_Party/ARM_CMSIS/CMSIS/DSP/Source/ControllerFunctions/arm_sin_cos_f32.o
LOAD ./Middlewares/Third_Party/ARM_CMSIS/CMSIS/DSP/Source/ControllerFunctions/arm_sin_cos_q31.o
LOAD ./Middlewares/Third_Party/ARM_CMSIS/CMSIS/DSP/Source/DistanceFunctions/arm_boolean_distance.o
LOAD ./Middlewares/Third_Party/ARM_CMSIS/CMSIS/DSP/Source/DistanceFunctions/arm_braycurtis_distance_f16.o
LOAD ./Middlewares/Third_Party/ARM_CMSIS/CMSIS/DSP/Source/DistanceFunctions/arm_braycurtis_distance_f32.o
LOAD ./Middlewares/Third_Party/ARM_CMSIS/CMSIS/DSP/Source/DistanceFunctions/arm_canberra_distance_f16.o
LOAD ./Middlewares/Third_Party/ARM_CMSIS/CMSIS/DSP/Source/DistanceFunctions/arm_canberra_distance_f32.o
LOAD ./Middlewares/Third_Party/ARM_CMSIS/CMSIS/DSP/Source/DistanceFunctions/arm_chebyshev_distance_f16.o
LOAD ./Middlewares/Third_Party/ARM_CMSIS/CMSIS/DSP/Source/DistanceFunctions/arm_chebyshev_distance_f32.o
LOAD ./Middlewares/Third_Party/ARM_CMSIS/CMSIS/DSP/Source/DistanceFunctions/arm_cityblock_distance_f16.o
LOAD ./Middlewares/Third_Party/ARM_CMSIS/CMSIS/DSP/Source/DistanceFunctions/arm_cityblock_distance_f32.o
LOAD ./Middlewares/Third_Party/ARM_CMSIS/CMSIS/DSP/Source/DistanceFunctions/arm_correlation_distance_f16.o
LOAD ./Middlewares/Third_Party/ARM_CMSIS/CMSIS/DSP/Source/DistanceFunctions/arm_correlation_distance_f32.o
LOAD ./Middlewares/Third_Party/ARM_CMSIS/CMSIS/DSP/Source/DistanceFunctions/arm_cosine_distance_f16.o
LOAD ./Middlewares/Third_Party/ARM_CMSIS/CMSIS/DSP/Source/DistanceFunctions/arm_cosine_distance_f32.o
LOAD ./Middlewares/Third_Party/ARM_CMSIS/CMSIS/DSP/Source/DistanceFunctions/arm_dice_distance.o
LOAD ./Middlewares/Third_Party/ARM_CMSIS/CMSIS/DSP/Source/DistanceFunctions/arm_euclidean_distance_f16.o
LOAD ./Middlewares/Third_Party/ARM_CMSIS/CMSIS/DSP/Source/DistanceFunctions/arm_euclidean_distance_f32.o
LOAD ./Middlewares/Third_Party/ARM_CMSIS/CMSIS/DSP/Source/DistanceFunctions/arm_hamming_distance.o
LOAD ./Middlewares/Third_Party/ARM_CMSIS/CMSIS/DSP/Source/DistanceFunctions/arm_jaccard_distance.o
LOAD ./Middlewares/Third_Party/ARM_CMSIS/CMSIS/DSP/Source/DistanceFunctions/arm_jensenshannon_distance_f16.o
LOAD ./Middlewares/Third_Party/ARM_CMSIS/CMSIS/DSP/Source/DistanceFunctions/arm_jensenshannon_distance_f32.o
LOAD ./Middlewares/Third_Party/ARM_CMSIS/CMSIS/DSP/Source/DistanceFunctions/arm_kulsinski_distance.o
LOAD ./Middlewares/Third_Party/ARM_CMSIS/CMSIS/DSP/Source/DistanceFunctions/arm_minkowski_distance_f16.o
LOAD ./Middlewares/Third_Party/ARM_CMSIS/CMSIS/DSP/Source/DistanceFunctions/arm_minkowski_distance_f32.o
LOAD ./Middlewares/Third_Party/ARM_CMSIS/CMSIS/DSP/Source/DistanceFunctions/arm_rogerstanimoto_distance.o
LOAD ./Middlewares/Third_Party/ARM_CMSIS/CMSIS/DSP/Source/DistanceFunctions/arm_russellrao_distance.o
LOAD ./Middlewares/Third_Party/ARM_CMSIS/CMSIS/DSP/Source/DistanceFunctions/arm_sokalmichener_distance.o
LOAD ./Middlewares/Third_Party/ARM_CMSIS/CMSIS/DSP/Source/DistanceFunctions/arm_sokalsneath_distance.o
LOAD ./Middlewares/Third_Party/ARM_CMSIS/CMSIS/DSP/Source/DistanceFunctions/arm_yule_distance.o
LOAD ./Middlewares/Third_Party/ARM_CMSIS/CMSIS/DSP/Source/FastMathFunctions/arm_cos_f32.o
LOAD ./Middlewares/Third_Party/ARM_CMSIS/CMSIS/DSP/Source/FastMathFunctions/arm_cos_q15.o
LOAD ./Middlewares/Third_Party/ARM_CMSIS/CMSIS/DSP/Source/FastMathFunctions/arm_cos_q31.o
LOAD ./Middlewares/Third_Party/ARM_CMSIS/CMSIS/DSP/Source/FastMathFunctions/arm_divide_q15.o
LOAD ./Middlewares/Third_Party/ARM_CMSIS/CMSIS/DSP/Source/FastMathFunctions/arm_sin_f32.o
LOAD ./Middlewares/Third_Party/ARM_CMSIS/CMSIS/DSP/Source/FastMathFunctions/arm_sin_q15.o
LOAD ./Middlewares/Third_Party/ARM_CMSIS/CMSIS/DSP/Source/FastMathFunctions/arm_sin_q31.o
LOAD ./Middlewares/Third_Party/ARM_CMSIS/CMSIS/DSP/Source/FastMathFunctions/arm_sqrt_q15.o
LOAD ./Middlewares/Third_Party/ARM_CMSIS/CMSIS/DSP/Source/FastMathFunctions/arm_sqrt_q31.o
LOAD ./Middlewares/Third_Party/ARM_CMSIS/CMSIS/DSP/Source/FastMathFunctions/arm_vexp_f16.o
LOAD ./Middlewares/Third_Party/ARM_CMSIS/CMSIS/DSP/Source/FastMathFunctions/arm_vexp_f32.o
LOAD ./Middlewares/Third_Party/ARM_CMSIS/CMSIS/DSP/Source/FastMathFunctions/arm_vinverse_f16.o
LOAD ./Middlewares/Third_Party/ARM_CMSIS/CMSIS/DSP/Source/FastMathFunctions/arm_vlog_f16.o
LOAD ./Middlewares/Third_Party/ARM_CMSIS/CMSIS/DSP/Source/FastMathFunctions/arm_vlog_f32.o
LOAD ./Middlewares/Third_Party/ARM_CMSIS/CMSIS/DSP/Source/FilteringFunctions/arm_biquad_cascade_df1_32x64_init_q31.o
LOAD ./Middlewares/Third_Party/ARM_CMSIS/CMSIS/DSP/Source/FilteringFunctions/arm_biquad_cascade_df1_32x64_q31.o
LOAD ./Middlewares/Third_Party/ARM_CMSIS/CMSIS/DSP/Source/FilteringFunctions/arm_biquad_cascade_df1_f16.o
LOAD ./Middlewares/Third_Party/ARM_CMSIS/CMSIS/DSP/Source/FilteringFunctions/arm_biquad_cascade_df1_f32.o
LOAD ./Middlewares/Third_Party/ARM_CMSIS/CMSIS/DSP/Source/FilteringFunctions/arm_biquad_cascade_df1_fast_q15.o
LOAD ./Middlewares/Third_Party/ARM_CMSIS/CMSIS/DSP/Source/FilteringFunctions/arm_biquad_cascade_df1_fast_q31.o
LOAD ./Middlewares/Third_Party/ARM_CMSIS/CMSIS/DSP/Source/FilteringFunctions/arm_biquad_cascade_df1_init_f16.o
LOAD ./Middlewares/Third_Party/ARM_CMSIS/CMSIS/DSP/Source/FilteringFunctions/arm_biquad_cascade_df1_init_f32.o
LOAD ./Middlewares/Third_Party/ARM_CMSIS/CMSIS/DSP/Source/FilteringFunctions/arm_biquad_cascade_df1_init_q15.o
LOAD ./Middlewares/Third_Party/ARM_CMSIS/CMSIS/DSP/Source/FilteringFunctions/arm_biquad_cascade_df1_init_q31.o
LOAD ./Middlewares/Third_Party/ARM_CMSIS/CMSIS/DSP/Source/FilteringFunctions/arm_biquad_cascade_df1_q15.o
LOAD ./Middlewares/Third_Party/ARM_CMSIS/CMSIS/DSP/Source/FilteringFunctions/arm_biquad_cascade_df1_q31.o
LOAD ./Middlewares/Third_Party/ARM_CMSIS/CMSIS/DSP/Source/FilteringFunctions/arm_biquad_cascade_df2T_f16.o
LOAD ./Middlewares/Third_Party/ARM_CMSIS/CMSIS/DSP/Source/FilteringFunctions/arm_biquad_cascade_df2T_f32.o
LOAD ./Middlewares/Third_Party/ARM_CMSIS/CMSIS/DSP/Source/FilteringFunctions/arm_biquad_cascade_df2T_f64.o
LOAD ./Middlewares/Third_Party/ARM_CMSIS/CMSIS/DSP/Source/FilteringFunctions/arm_biquad_cascade_df2T_init_f16.o
LOAD ./Middlewares/Third_Party/ARM_CMSIS/CMSIS/DSP/Source/FilteringFunctions/arm_biquad_cascade_df2T_init_f32.o
LOAD ./Middlewares/Third_Party/ARM_CMSIS/CMSIS/DSP/Source/FilteringFunctions/arm_biquad_cascade_df2T_init_f64.o
LOAD ./Middlewares/Third_Party/ARM_CMSIS/CMSIS/DSP/Source/FilteringFunctions/arm_biquad_cascade_stereo_df2T_f16.o
LOAD ./Middlewares/Third_Party/ARM_CMSIS/CMSIS/DSP/Source/FilteringFunctions/arm_biquad_cascade_stereo_df2T_f32.o
LOAD ./Middlewares/Third_Party/ARM_CMSIS/CMSIS/DSP/Source/FilteringFunctions/arm_biquad_cascade_stereo_df2T_init_f16.o
LOAD ./Middlewares/Third_Party/ARM_CMSIS/CMSIS/DSP/Source/FilteringFunctions/arm_biquad_cascade_stereo_df2T_init_f32.o
LOAD ./Middlewares/Third_Party/ARM_CMSIS/CMSIS/DSP/Source/FilteringFunctions/arm_conv_f32.o
LOAD ./Middlewares/Third_Party/ARM_CMSIS/CMSIS/DSP/Source/FilteringFunctions/arm_conv_fast_opt_q15.o
LOAD ./Middlewares/Third_Party/ARM_CMSIS/CMSIS/DSP/Source/FilteringFunctions/arm_conv_fast_q15.o
LOAD ./Middlewares/Third_Party/ARM_CMSIS/CMSIS/DSP/Source/FilteringFunctions/arm_conv_fast_q31.o
LOAD ./Middlewares/Third_Party/ARM_CMSIS/CMSIS/DSP/Source/FilteringFunctions/arm_conv_opt_q15.o
LOAD ./Middlewares/Third_Party/ARM_CMSIS/CMSIS/DSP/Source/FilteringFunctions/arm_conv_opt_q7.o
LOAD ./Middlewares/Third_Party/ARM_CMSIS/CMSIS/DSP/Source/FilteringFunctions/arm_conv_partial_f32.o
LOAD ./Middlewares/Third_Party/ARM_CMSIS/CMSIS/DSP/Source/FilteringFunctions/arm_conv_partial_fast_opt_q15.o
LOAD ./Middlewares/Third_Party/ARM_CMSIS/CMSIS/DSP/Source/FilteringFunctions/arm_conv_partial_fast_q15.o
LOAD ./Middlewares/Third_Party/ARM_CMSIS/CMSIS/DSP/Source/FilteringFunctions/arm_conv_partial_fast_q31.o
LOAD ./Middlewares/Third_Party/ARM_CMSIS/CMSIS/DSP/Source/FilteringFunctions/arm_conv_partial_opt_q15.o
LOAD ./Middlewares/Third_Party/ARM_CMSIS/CMSIS/DSP/Source/FilteringFunctions/arm_conv_partial_opt_q7.o
LOAD ./Middlewares/Third_Party/ARM_CMSIS/CMSIS/DSP/Source/FilteringFunctions/arm_conv_partial_q15.o
LOAD ./Middlewares/Third_Party/ARM_CMSIS/CMSIS/DSP/Source/FilteringFunctions/arm_conv_partial_q31.o
LOAD ./Middlewares/Third_Party/ARM_CMSIS/CMSIS/DSP/Source/FilteringFunctions/arm_conv_partial_q7.o
LOAD ./Middlewares/Third_Party/ARM_CMSIS/CMSIS/DSP/Source/FilteringFunctions/arm_conv_q15.o
LOAD ./Middlewares/Third_Party/ARM_CMSIS/CMSIS/DSP/Source/FilteringFunctions/arm_conv_q31.o
LOAD ./Middlewares/Third_Party/ARM_CMSIS/CMSIS/DSP/Source/FilteringFunctions/arm_conv_q7.o
LOAD ./Middlewares/Third_Party/ARM_CMSIS/CMSIS/DSP/Source/FilteringFunctions/arm_correlate_f16.o
LOAD ./Middlewares/Third_Party/ARM_CMSIS/CMSIS/DSP/Source/FilteringFunctions/arm_correlate_f32.o
LOAD ./Middlewares/Third_Party/ARM_CMSIS/CMSIS/DSP/Source/FilteringFunctions/arm_correlate_fast_opt_q15.o
LOAD ./Middlewares/Third_Party/ARM_CMSIS/CMSIS/DSP/Source/FilteringFunctions/arm_correlate_fast_q15.o
LOAD ./Middlewares/Third_Party/ARM_CMSIS/CMSIS/DSP/Source/FilteringFunctions/arm_correlate_fast_q31.o
LOAD ./Middlewares/Third_Party/ARM_CMSIS/CMSIS/DSP/Source/FilteringFunctions/arm_correlate_opt_q15.o
LOAD ./Middlewares/Third_Party/ARM_CMSIS/CMSIS/DSP/Source/FilteringFunctions/arm_correlate_opt_q7.o
LOAD ./Middlewares/Third_Party/ARM_CMSIS/CMSIS/DSP/Source/FilteringFunctions/arm_correlate_q15.o
LOAD ./Middlewares/Third_Party/ARM_CMSIS/CMSIS/DSP/Source/FilteringFunctions/arm_correlate_q31.o
LOAD ./Middlewares/Third_Party/ARM_CMSIS/CMSIS/DSP/Source/FilteringFunctions/arm_correlate_q7.o
LOAD ./Middlewares/Third_Party/ARM_CMSIS/CMSIS/DSP/Source/FilteringFunctions/arm_fir_decimate_f32.o
LOAD ./Middlewares/Third_Party/ARM_CMSIS/CMSIS/DSP/Source/FilteringFunctions/arm_fir_decimate_fast_q15.o
LOAD ./Middlewares/Third_Party/ARM_CMSIS/CMSIS/DSP/Source/FilteringFunctions/arm_fir_decimate_fast_q31.o
LOAD ./Middlewares/Third_Party/ARM_CMSIS/CMSIS/DSP/Source/FilteringFunctions/arm_fir_decimate_init_f32.o
LOAD ./Middlewares/Third_Party/ARM_CMSIS/CMSIS/DSP/Source/FilteringFunctions/arm_fir_decimate_init_q15.o
LOAD ./Middlewares/Third_Party/ARM_CMSIS/CMSIS/DSP/Source/FilteringFunctions/arm_fir_decimate_init_q31.o
LOAD ./Middlewares/Third_Party/ARM_CMSIS/CMSIS/DSP/Source/FilteringFunctions/arm_fir_decimate_q15.o
LOAD ./Middlewares/Third_Party/ARM_CMSIS/CMSIS/DSP/Source/FilteringFunctions/arm_fir_decimate_q31.o
LOAD ./Middlewares/Third_Party/ARM_CMSIS/CMSIS/DSP/Source/FilteringFunctions/arm_fir_f16.o
LOAD ./Middlewares/Third_Party/ARM_CMSIS/CMSIS/DSP/Source/FilteringFunctions/arm_fir_f32.o
LOAD ./Middlewares/Third_Party/ARM_CMSIS/CMSIS/DSP/Source/FilteringFunctions/arm_fir_fast_q15.o
LOAD ./Middlewares/Third_Party/ARM_CMSIS/CMSIS/DSP/Source/FilteringFunctions/arm_fir_fast_q31.o
LOAD ./Middlewares/Third_Party/ARM_CMSIS/CMSIS/DSP/Source/FilteringFunctions/arm_fir_init_f16.o
LOAD ./Middlewares/Third_Party/ARM_CMSIS/CMSIS/DSP/Source/FilteringFunctions/arm_fir_init_f32.o
LOAD ./Middlewares/Third_Party/ARM_CMSIS/CMSIS/DSP/Source/FilteringFunctions/arm_fir_init_q15.o
LOAD ./Middlewares/Third_Party/ARM_CMSIS/CMSIS/DSP/Source/FilteringFunctions/arm_fir_init_q31.o
LOAD ./Middlewares/Third_Party/ARM_CMSIS/CMSIS/DSP/Source/FilteringFunctions/arm_fir_init_q7.o
LOAD ./Middlewares/Third_Party/ARM_CMSIS/CMSIS/DSP/Source/FilteringFunctions/arm_fir_interpolate_f32.o
LOAD ./Middlewares/Third_Party/ARM_CMSIS/CMSIS/DSP/Source/FilteringFunctions/arm_fir_interpolate_init_f32.o
LOAD ./Middlewares/Third_Party/ARM_CMSIS/CMSIS/DSP/Source/FilteringFunctions/arm_fir_interpolate_init_q15.o
LOAD ./Middlewares/Third_Party/ARM_CMSIS/CMSIS/DSP/Source/FilteringFunctions/arm_fir_interpolate_init_q31.o
LOAD ./Middlewares/Third_Party/ARM_CMSIS/CMSIS/DSP/Source/FilteringFunctions/arm_fir_interpolate_q15.o
LOAD ./Middlewares/Third_Party/ARM_CMSIS/CMSIS/DSP/Source/FilteringFunctions/arm_fir_interpolate_q31.o
LOAD ./Middlewares/Third_Party/ARM_CMSIS/CMSIS/DSP/Source/FilteringFunctions/arm_fir_lattice_f32.o
LOAD ./Middlewares/Third_Party/ARM_CMSIS/CMSIS/DSP/Source/FilteringFunctions/arm_fir_lattice_init_f32.o
LOAD ./Middlewares/Third_Party/ARM_CMSIS/CMSIS/DSP/Source/FilteringFunctions/arm_fir_lattice_init_q15.o
LOAD ./Middlewares/Third_Party/ARM_CMSIS/CMSIS/DSP/Source/FilteringFunctions/arm_fir_lattice_init_q31.o
LOAD ./Middlewares/Third_Party/ARM_CMSIS/CMSIS/DSP/Source/FilteringFunctions/arm_fir_lattice_q15.o
LOAD ./Middlewares/Third_Party/ARM_CMSIS/CMSIS/DSP/Source/FilteringFunctions/arm_fir_lattice_q31.o
LOAD ./Middlewares/Third_Party/ARM_CMSIS/CMSIS/DSP/Source/FilteringFunctions/arm_fir_q15.o
LOAD ./Middlewares/Third_Party/ARM_CMSIS/CMSIS/DSP/Source/FilteringFunctions/arm_fir_q31.o
LOAD ./Middlewares/Third_Party/ARM_CMSIS/CMSIS/DSP/Source/FilteringFunctions/arm_fir_q7.o
LOAD ./Middlewares/Third_Party/ARM_CMSIS/CMSIS/DSP/Source/FilteringFunctions/arm_fir_sparse_f32.o
LOAD ./Middlewares/Third_Party/ARM_CMSIS/CMSIS/DSP/Source/FilteringFunctions/arm_fir_sparse_init_f32.o
LOAD ./Middlewares/Third_Party/ARM_CMSIS/CMSIS/DSP/Source/FilteringFunctions/arm_fir_sparse_init_q15.o
LOAD ./Middlewares/Third_Party/ARM_CMSIS/CMSIS/DSP/Source/FilteringFunctions/arm_fir_sparse_init_q31.o
LOAD ./Middlewares/Third_Party/ARM_CMSIS/CMSIS/DSP/Source/FilteringFunctions/arm_fir_sparse_init_q7.o
LOAD ./Middlewares/Third_Party/ARM_CMSIS/CMSIS/DSP/Source/FilteringFunctions/arm_fir_sparse_q15.o
LOAD ./Middlewares/Third_Party/ARM_CMSIS/CMSIS/DSP/Source/FilteringFunctions/arm_fir_sparse_q31.o
LOAD ./Middlewares/Third_Party/ARM_CMSIS/CMSIS/DSP/Source/FilteringFunctions/arm_fir_sparse_q7.o
LOAD ./Middlewares/Third_Party/ARM_CMSIS/CMSIS/DSP/Source/FilteringFunctions/arm_iir_lattice_f32.o
LOAD ./Middlewares/Third_Party/ARM_CMSIS/CMSIS/DSP/Source/FilteringFunctions/arm_iir_lattice_init_f32.o
LOAD ./Middlewares/Third_Party/ARM_CMSIS/CMSIS/DSP/Source/FilteringFunctions/arm_iir_lattice_init_q15.o
LOAD ./Middlewares/Third_Party/ARM_CMSIS/CMSIS/DSP/Source/FilteringFunctions/arm_iir_lattice_init_q31.o
LOAD ./Middlewares/Third_Party/ARM_CMSIS/CMSIS/DSP/Source/FilteringFunctions/arm_iir_lattice_q15.o
LOAD ./Middlewares/Third_Party/ARM_CMSIS/CMSIS/DSP/Source/FilteringFunctions/arm_iir_lattice_q31.o
LOAD ./Middlewares/Third_Party/ARM_CMSIS/CMSIS/DSP/Source/FilteringFunctions/arm_levinson_durbin_f16.o
LOAD ./Middlewares/Third_Party/ARM_CMSIS/CMSIS/DSP/Source/FilteringFunctions/arm_levinson_durbin_f32.o
LOAD ./Middlewares/Third_Party/ARM_CMSIS/CMSIS/DSP/Source/FilteringFunctions/arm_levinson_durbin_q31.o
LOAD ./Middlewares/Third_Party/ARM_CMSIS/CMSIS/DSP/Source/FilteringFunctions/arm_lms_f32.o
LOAD ./Middlewares/Third_Party/ARM_CMSIS/CMSIS/DSP/Source/FilteringFunctions/arm_lms_init_f32.o
LOAD ./Middlewares/Third_Party/ARM_CMSIS/CMSIS/DSP/Source/FilteringFunctions/arm_lms_init_q15.o
LOAD ./Middlewares/Third_Party/ARM_CMSIS/CMSIS/DSP/Source/FilteringFunctions/arm_lms_init_q31.o
LOAD ./Middlewares/Third_Party/ARM_CMSIS/CMSIS/DSP/Source/FilteringFunctions/arm_lms_norm_f32.o
LOAD ./Middlewares/Third_Party/ARM_CMSIS/CMSIS/DSP/Source/FilteringFunctions/arm_lms_norm_init_f32.o
LOAD ./Middlewares/Third_Party/ARM_CMSIS/CMSIS/DSP/Source/FilteringFunctions/arm_lms_norm_init_q15.o
LOAD ./Middlewares/Third_Party/ARM_CMSIS/CMSIS/DSP/Source/FilteringFunctions/arm_lms_norm_init_q31.o
LOAD ./Middlewares/Third_Party/ARM_CMSIS/CMSIS/DSP/Source/FilteringFunctions/arm_lms_norm_q15.o
LOAD ./Middlewares/Third_Party/ARM_CMSIS/CMSIS/DSP/Source/FilteringFunctions/arm_lms_norm_q31.o
LOAD ./Middlewares/Third_Party/ARM_CMSIS/CMSIS/DSP/Source/FilteringFunctions/arm_lms_q15.o
LOAD ./Middlewares/Third_Party/ARM_CMSIS/CMSIS/DSP/Source/FilteringFunctions/arm_lms_q31.o
LOAD ./Middlewares/Third_Party/ARM_CMSIS/CMSIS/DSP/Source/InterpolationFunctions/arm_bilinear_interp_f16.o
LOAD ./Middlewares/Third_Party/ARM_CMSIS/CMSIS/DSP/Source/InterpolationFunctions/arm_bilinear_interp_f32.o
LOAD ./Middlewares/Third_Party/ARM_CMSIS/CMSIS/DSP/Source/InterpolationFunctions/arm_bilinear_interp_q15.o
LOAD ./Middlewares/Third_Party/ARM_CMSIS/CMSIS/DSP/Source/InterpolationFunctions/arm_bilinear_interp_q31.o
LOAD ./Middlewares/Third_Party/ARM_CMSIS/CMSIS/DSP/Source/InterpolationFunctions/arm_bilinear_interp_q7.o
LOAD ./Middlewares/Third_Party/ARM_CMSIS/CMSIS/DSP/Source/InterpolationFunctions/arm_linear_interp_f16.o
LOAD ./Middlewares/Third_Party/ARM_CMSIS/CMSIS/DSP/Source/InterpolationFunctions/arm_linear_interp_f32.o
LOAD ./Middlewares/Third_Party/ARM_CMSIS/CMSIS/DSP/Source/InterpolationFunctions/arm_linear_interp_q15.o
LOAD ./Middlewares/Third_Party/ARM_CMSIS/CMSIS/DSP/Source/InterpolationFunctions/arm_linear_interp_q31.o
LOAD ./Middlewares/Third_Party/ARM_CMSIS/CMSIS/DSP/Source/InterpolationFunctions/arm_linear_interp_q7.o
LOAD ./Middlewares/Third_Party/ARM_CMSIS/CMSIS/DSP/Source/InterpolationFunctions/arm_spline_interp_f32.o
LOAD ./Middlewares/Third_Party/ARM_CMSIS/CMSIS/DSP/Source/InterpolationFunctions/arm_spline_interp_init_f32.o
LOAD ./Middlewares/Third_Party/ARM_CMSIS/CMSIS/DSP/Source/MatrixFunctions/arm_mat_add_f16.o
LOAD ./Middlewares/Third_Party/ARM_CMSIS/CMSIS/DSP/Source/MatrixFunctions/arm_mat_add_f32.o
LOAD ./Middlewares/Third_Party/ARM_CMSIS/CMSIS/DSP/Source/MatrixFunctions/arm_mat_add_q15.o
LOAD ./Middlewares/Third_Party/ARM_CMSIS/CMSIS/DSP/Source/MatrixFunctions/arm_mat_add_q31.o
LOAD ./Middlewares/Third_Party/ARM_CMSIS/CMSIS/DSP/Source/MatrixFunctions/arm_mat_cholesky_f16.o
LOAD ./Middlewares/Third_Party/ARM_CMSIS/CMSIS/DSP/Source/MatrixFunctions/arm_mat_cholesky_f32.o
LOAD ./Middlewares/Third_Party/ARM_CMSIS/CMSIS/DSP/Source/MatrixFunctions/arm_mat_cholesky_f64.o
LOAD ./Middlewares/Third_Party/ARM_CMSIS/CMSIS/DSP/Source/MatrixFunctions/arm_mat_cmplx_mult_f16.o
LOAD ./Middlewares/Third_Party/ARM_CMSIS/CMSIS/DSP/Source/MatrixFunctions/arm_mat_cmplx_mult_f32.o
LOAD ./Middlewares/Third_Party/ARM_CMSIS/CMSIS/DSP/Source/MatrixFunctions/arm_mat_cmplx_mult_q15.o
LOAD ./Middlewares/Third_Party/ARM_CMSIS/CMSIS/DSP/Source/MatrixFunctions/arm_mat_cmplx_mult_q31.o
LOAD ./Middlewares/Third_Party/ARM_CMSIS/CMSIS/DSP/Source/MatrixFunctions/arm_mat_cmplx_trans_f16.o
LOAD ./Middlewares/Third_Party/ARM_CMSIS/CMSIS/DSP/Source/MatrixFunctions/arm_mat_cmplx_trans_f32.o
LOAD ./Middlewares/Third_Party/ARM_CMSIS/CMSIS/DSP/Source/MatrixFunctions/arm_mat_cmplx_trans_q15.o
LOAD ./Middlewares/Third_Party/ARM_CMSIS/CMSIS/DSP/Source/MatrixFunctions/arm_mat_cmplx_trans_q31.o
LOAD ./Middlewares/Third_Party/ARM_CMSIS/CMSIS/DSP/Source/MatrixFunctions/arm_mat_init_f16.o
LOAD ./Middlewares/Third_Party/ARM_CMSIS/CMSIS/DSP/Source/MatrixFunctions/arm_mat_init_f32.o
LOAD ./Middlewares/Third_Party/ARM_CMSIS/CMSIS/DSP/Source/MatrixFunctions/arm_mat_init_q15.o
LOAD ./Middlewares/Third_Party/ARM_CMSIS/CMSIS/DSP/Source/MatrixFunctions/arm_mat_init_q31.o
LOAD ./Middlewares/Third_Party/ARM_CMSIS/CMSIS/DSP/Source/MatrixFunctions/arm_mat_inverse_f16.o
LOAD ./Middlewares/Third_Party/ARM_CMSIS/CMSIS/DSP/Source/MatrixFunctions/arm_mat_inverse_f32.o
LOAD ./Middlewares/Third_Party/ARM_CMSIS/CMSIS/DSP/Source/MatrixFunctions/arm_mat_inverse_f64.o
LOAD ./Middlewares/Third_Party/ARM_CMSIS/CMSIS/DSP/Source/MatrixFunctions/arm_mat_ldlt_f32.o
LOAD ./Middlewares/Third_Party/ARM_CMSIS/CMSIS/DSP/Source/MatrixFunctions/arm_mat_ldlt_f64.o
LOAD ./Middlewares/Third_Party/ARM_CMSIS/CMSIS/DSP/Source/MatrixFunctions/arm_mat_mult_f16.o
LOAD ./Middlewares/Third_Party/ARM_CMSIS/CMSIS/DSP/Source/MatrixFunctions/arm_mat_mult_f32.o
LOAD ./Middlewares/Third_Party/ARM_CMSIS/CMSIS/DSP/Source/MatrixFunctions/arm_mat_mult_f64.o
LOAD ./Middlewares/Third_Party/ARM_CMSIS/CMSIS/DSP/Source/MatrixFunctions/arm_mat_mult_fast_q15.o
LOAD ./Middlewares/Third_Party/ARM_CMSIS/CMSIS/DSP/Source/MatrixFunctions/arm_mat_mult_fast_q31.o
LOAD ./Middlewares/Third_Party/ARM_CMSIS/CMSIS/DSP/Source/MatrixFunctions/arm_mat_mult_q15.o
LOAD ./Middlewares/Third_Party/ARM_CMSIS/CMSIS/DSP/Source/MatrixFunctions/arm_mat_mult_q31.o
LOAD ./Middlewares/Third_Party/ARM_CMSIS/CMSIS/DSP/Source/MatrixFunctions/arm_mat_mult_q7.o
LOAD ./Middlewares/Third_Party/ARM_CMSIS/CMSIS/DSP/Source/MatrixFunctions/arm_mat_scale_f16.o
LOAD ./Middlewares/Third_Party/ARM_CMSIS/CMSIS/DSP/Source/MatrixFunctions/arm_mat_scale_f32.o
LOAD ./Middlewares/Third_Party/ARM_CMSIS/CMSIS/DSP/Source/MatrixFunctions/arm_mat_scale_q15.o
LOAD ./Middlewares/Third_Party/ARM_CMSIS/CMSIS/DSP/Source/MatrixFunctions/arm_mat_scale_q31.o
LOAD ./Middlewares/Third_Party/ARM_CMSIS/CMSIS/DSP/Source/MatrixFunctions/arm_mat_solve_lower_triangular_f16.o
LOAD ./Middlewares/Third_Party/ARM_CMSIS/CMSIS/DSP/Source/MatrixFunctions/arm_mat_solve_lower_triangular_f32.o
LOAD ./Middlewares/Third_Party/ARM_CMSIS/CMSIS/DSP/Source/MatrixFunctions/arm_mat_solve_lower_triangular_f64.o
LOAD ./Middlewares/Third_Party/ARM_CMSIS/CMSIS/DSP/Source/MatrixFunctions/arm_mat_solve_upper_triangular_f16.o
LOAD ./Middlewares/Third_Party/ARM_CMSIS/CMSIS/DSP/Source/MatrixFunctions/arm_mat_solve_upper_triangular_f32.o
LOAD ./Middlewares/Third_Party/ARM_CMSIS/CMSIS/DSP/Source/MatrixFunctions/arm_mat_solve_upper_triangular_f64.o
LOAD ./Middlewares/Third_Party/ARM_CMSIS/CMSIS/DSP/Source/MatrixFunctions/arm_mat_sub_f16.o
LOAD ./Middlewares/Third_Party/ARM_CMSIS/CMSIS/DSP/Source/MatrixFunctions/arm_mat_sub_f32.o
LOAD ./Middlewares/Third_Party/ARM_CMSIS/CMSIS/DSP/Source/MatrixFunctions/arm_mat_sub_f64.o
LOAD ./Middlewares/Third_Party/ARM_CMSIS/CMSIS/DSP/Source/MatrixFunctions/arm_mat_sub_q15.o
LOAD ./Middlewares/Third_Party/ARM_CMSIS/CMSIS/DSP/Source/MatrixFunctions/arm_mat_sub_q31.o
LOAD ./Middlewares/Third_Party/ARM_CMSIS/CMSIS/DSP/Source/MatrixFunctions/arm_mat_trans_f16.o
LOAD ./Middlewares/Third_Party/ARM_CMSIS/CMSIS/DSP/Source/MatrixFunctions/arm_mat_trans_f32.o
LOAD ./Middlewares/Third_Party/ARM_CMSIS/CMSIS/DSP/Source/MatrixFunctions/arm_mat_trans_f64.o
LOAD ./Middlewares/Third_Party/ARM_CMSIS/CMSIS/DSP/Source/MatrixFunctions/arm_mat_trans_q15.o
LOAD ./Middlewares/Third_Party/ARM_CMSIS/CMSIS/DSP/Source/MatrixFunctions/arm_mat_trans_q31.o
LOAD ./Middlewares/Third_Party/ARM_CMSIS/CMSIS/DSP/Source/MatrixFunctions/arm_mat_trans_q7.o
LOAD ./Middlewares/Third_Party/ARM_CMSIS/CMSIS/DSP/Source/MatrixFunctions/arm_mat_vec_mult_f16.o
LOAD ./Middlewares/Third_Party/ARM_CMSIS/CMSIS/DSP/Source/MatrixFunctions/arm_mat_vec_mult_f32.o
LOAD ./Middlewares/Third_Party/ARM_CMSIS/CMSIS/DSP/Source/MatrixFunctions/arm_mat_vec_mult_q15.o
LOAD ./Middlewares/Third_Party/ARM_CMSIS/CMSIS/DSP/Source/MatrixFunctions/arm_mat_vec_mult_q31.o
LOAD ./Middlewares/Third_Party/ARM_CMSIS/CMSIS/DSP/Source/MatrixFunctions/arm_mat_vec_mult_q7.o
LOAD ./Middlewares/Third_Party/ARM_CMSIS/CMSIS/DSP/Source/QuaternionMathFunctions/arm_quaternion2rotation_f32.o
LOAD ./Middlewares/Third_Party/ARM_CMSIS/CMSIS/DSP/Source/QuaternionMathFunctions/arm_quaternion_conjugate_f32.o
LOAD ./Middlewares/Third_Party/ARM_CMSIS/CMSIS/DSP/Source/QuaternionMathFunctions/arm_quaternion_inverse_f32.o
LOAD ./Middlewares/Third_Party/ARM_CMSIS/CMSIS/DSP/Source/QuaternionMathFunctions/arm_quaternion_norm_f32.o
LOAD ./Middlewares/Third_Party/ARM_CMSIS/CMSIS/DSP/Source/QuaternionMathFunctions/arm_quaternion_normalize_f32.o
LOAD ./Middlewares/Third_Party/ARM_CMSIS/CMSIS/DSP/Source/QuaternionMathFunctions/arm_quaternion_product_f32.o
LOAD ./Middlewares/Third_Party/ARM_CMSIS/CMSIS/DSP/Source/QuaternionMathFunctions/arm_quaternion_product_single_f32.o
LOAD ./Middlewares/Third_Party/ARM_CMSIS/CMSIS/DSP/Source/QuaternionMathFunctions/arm_rotation2quaternion_f32.o
LOAD ./Middlewares/Third_Party/ARM_CMSIS/CMSIS/DSP/Source/SVMFunctions/arm_svm_linear_init_f16.o
LOAD ./Middlewares/Third_Party/ARM_CMSIS/CMSIS/DSP/Source/SVMFunctions/arm_svm_linear_init_f32.o
LOAD ./Middlewares/Third_Party/ARM_CMSIS/CMSIS/DSP/Source/SVMFunctions/arm_svm_linear_predict_f16.o
LOAD ./Middlewares/Third_Party/ARM_CMSIS/CMSIS/DSP/Source/SVMFunctions/arm_svm_linear_predict_f32.o
LOAD ./Middlewares/Third_Party/ARM_CMSIS/CMSIS/DSP/Source/SVMFunctions/arm_svm_polynomial_init_f16.o
LOAD ./Middlewares/Third_Party/ARM_CMSIS/CMSIS/DSP/Source/SVMFunctions/arm_svm_polynomial_init_f32.o
LOAD ./Middlewares/Third_Party/ARM_CMSIS/CMSIS/DSP/Source/SVMFunctions/arm_svm_polynomial_predict_f16.o
LOAD ./Middlewares/Third_Party/ARM_CMSIS/CMSIS/DSP/Source/SVMFunctions/arm_svm_polynomial_predict_f32.o
LOAD ./Middlewares/Third_Party/ARM_CMSIS/CMSIS/DSP/Source/SVMFunctions/arm_svm_rbf_init_f16.o
LOAD ./Middlewares/Third_Party/ARM_CMSIS/CMSIS/DSP/Source/SVMFunctions/arm_svm_rbf_init_f32.o
LOAD ./Middlewares/Third_Party/ARM_CMSIS/CMSIS/DSP/Source/SVMFunctions/arm_svm_rbf_predict_f16.o
LOAD ./Middlewares/Third_Party/ARM_CMSIS/CMSIS/DSP/Source/SVMFunctions/arm_svm_rbf_predict_f32.o
LOAD ./Middlewares/Third_Party/ARM_CMSIS/CMSIS/DSP/Source/SVMFunctions/arm_svm_sigmoid_init_f16.o
LOAD ./Middlewares/Third_Party/ARM_CMSIS/CMSIS/DSP/Source/SVMFunctions/arm_svm_sigmoid_init_f32.o
LOAD ./Middlewares/Third_Party/ARM_CMSIS/CMSIS/DSP/Source/SVMFunctions/arm_svm_sigmoid_predict_f16.o
LOAD ./Middlewares/Third_Party/ARM_CMSIS/CMSIS/DSP/Source/SVMFunctions/arm_svm_sigmoid_predict_f32.o
LOAD ./Middlewares/Third_Party/ARM_CMSIS/CMSIS/DSP/Source/StatisticsFunctions/arm_absmax_f16.o
LOAD ./Middlewares/Third_Party/ARM_CMSIS/CMSIS/DSP/Source/StatisticsFunctions/arm_absmax_f32.o
LOAD ./Middlewares/Third_Party/ARM_CMSIS/CMSIS/DSP/Source/StatisticsFunctions/arm_absmax_q15.o
LOAD ./Middlewares/Third_Party/ARM_CMSIS/CMSIS/DSP/Source/StatisticsFunctions/arm_absmax_q31.o
LOAD ./Middlewares/Third_Party/ARM_CMSIS/CMSIS/DSP/Source/StatisticsFunctions/arm_absmax_q7.o
LOAD ./Middlewares/Third_Party/ARM_CMSIS/CMSIS/DSP/Source/StatisticsFunctions/arm_absmin_f16.o
LOAD ./Middlewares/Third_Party/ARM_CMSIS/CMSIS/DSP/Source/StatisticsFunctions/arm_absmin_f32.o
LOAD ./Middlewares/Third_Party/ARM_CMSIS/CMSIS/DSP/Source/StatisticsFunctions/arm_absmin_q15.o
LOAD ./Middlewares/Third_Party/ARM_CMSIS/CMSIS/DSP/Source/StatisticsFunctions/arm_absmin_q31.o
LOAD ./Middlewares/Third_Party/ARM_CMSIS/CMSIS/DSP/Source/StatisticsFunctions/arm_absmin_q7.o
LOAD ./Middlewares/Third_Party/ARM_CMSIS/CMSIS/DSP/Source/StatisticsFunctions/arm_entropy_f16.o
LOAD ./Middlewares/Third_Party/ARM_CMSIS/CMSIS/DSP/Source/StatisticsFunctions/arm_entropy_f32.o
LOAD ./Middlewares/Third_Party/ARM_CMSIS/CMSIS/DSP/Source/StatisticsFunctions/arm_entropy_f64.o
LOAD ./Middlewares/Third_Party/ARM_CMSIS/CMSIS/DSP/Source/StatisticsFunctions/arm_kullback_leibler_f16.o
LOAD ./Middlewares/Third_Party/ARM_CMSIS/CMSIS/DSP/Source/StatisticsFunctions/arm_kullback_leibler_f32.o
LOAD ./Middlewares/Third_Party/ARM_CMSIS/CMSIS/DSP/Source/StatisticsFunctions/arm_kullback_leibler_f64.o
LOAD ./Middlewares/Third_Party/ARM_CMSIS/CMSIS/DSP/Source/StatisticsFunctions/arm_logsumexp_dot_prod_f16.o
LOAD ./Middlewares/Third_Party/ARM_CMSIS/CMSIS/DSP/Source/StatisticsFunctions/arm_logsumexp_dot_prod_f32.o
LOAD ./Middlewares/Third_Party/ARM_CMSIS/CMSIS/DSP/Source/StatisticsFunctions/arm_logsumexp_f16.o
LOAD ./Middlewares/Third_Party/ARM_CMSIS/CMSIS/DSP/Source/StatisticsFunctions/arm_logsumexp_f32.o
LOAD ./Middlewares/Third_Party/ARM_CMSIS/CMSIS/DSP/Source/StatisticsFunctions/arm_max_f16.o
LOAD ./Middlewares/Third_Party/ARM_CMSIS/CMSIS/DSP/Source/StatisticsFunctions/arm_max_f32.o
LOAD ./Middlewares/Third_Party/ARM_CMSIS/CMSIS/DSP/Source/StatisticsFunctions/arm_max_no_idx_f16.o
LOAD ./Middlewares/Third_Party/ARM_CMSIS/CMSIS/DSP/Source/StatisticsFunctions/arm_max_no_idx_f32.o
LOAD ./Middlewares/Third_Party/ARM_CMSIS/CMSIS/DSP/Source/StatisticsFunctions/arm_max_q15.o
LOAD ./Middlewares/Third_Party/ARM_CMSIS/CMSIS/DSP/Source/StatisticsFunctions/arm_max_q31.o
LOAD ./Middlewares/Third_Party/ARM_CMSIS/CMSIS/DSP/Source/StatisticsFunctions/arm_max_q7.o
LOAD ./Middlewares/Third_Party/ARM_CMSIS/CMSIS/DSP/Source/StatisticsFunctions/arm_mean_f16.o
LOAD ./Middlewares/Third_Party/ARM_CMSIS/CMSIS/DSP/Source/StatisticsFunctions/arm_mean_f32.o
LOAD ./Middlewares/Third_Party/ARM_CMSIS/CMSIS/DSP/Source/StatisticsFunctions/arm_mean_q15.o
LOAD ./Middlewares/Third_Party/ARM_CMSIS/CMSIS/DSP/Source/StatisticsFunctions/arm_mean_q31.o
LOAD ./Middlewares/Third_Party/ARM_CMSIS/CMSIS/DSP/Source/StatisticsFunctions/arm_mean_q7.o
LOAD ./Middlewares/Third_Party/ARM_CMSIS/CMSIS/DSP/Source/StatisticsFunctions/arm_min_f16.o
LOAD ./Middlewares/Third_Party/ARM_CMSIS/CMSIS/DSP/Source/StatisticsFunctions/arm_min_f32.o
LOAD ./Middlewares/Third_Party/ARM_CMSIS/CMSIS/DSP/Source/StatisticsFunctions/arm_min_q15.o
LOAD ./Middlewares/Third_Party/ARM_CMSIS/CMSIS/DSP/Source/StatisticsFunctions/arm_min_q31.o
LOAD ./Middlewares/Third_Party/ARM_CMSIS/CMSIS/DSP/Source/StatisticsFunctions/arm_min_q7.o
LOAD ./Middlewares/Third_Party/ARM_CMSIS/CMSIS/DSP/Source/StatisticsFunctions/arm_power_f16.o
LOAD ./Middlewares/Third_Party/ARM_CMSIS/CMSIS/DSP/Source/StatisticsFunctions/arm_power_f32.o
LOAD ./Middlewares/Third_Party/ARM_CMSIS/CMSIS/DSP/Source/StatisticsFunctions/arm_power_q15.o
LOAD ./Middlewares/Third_Party/ARM_CMSIS/CMSIS/DSP/Source/StatisticsFunctions/arm_power_q31.o
LOAD ./Middlewares/Third_Party/ARM_CMSIS/CMSIS/DSP/Source/StatisticsFunctions/arm_power_q7.o
LOAD ./Middlewares/Third_Party/ARM_CMSIS/CMSIS/DSP/Source/StatisticsFunctions/arm_rms_f16.o
LOAD ./Middlewares/Third_Party/ARM_CMSIS/CMSIS/DSP/Source/StatisticsFunctions/arm_rms_f32.o
LOAD ./Middlewares/Third_Party/ARM_CMSIS/CMSIS/DSP/Source/StatisticsFunctions/arm_rms_q15.o
LOAD ./Middlewares/Third_Party/ARM_CMSIS/CMSIS/DSP/Source/StatisticsFunctions/arm_rms_q31.o
LOAD ./Middlewares/Third_Party/ARM_CMSIS/CMSIS/DSP/Source/StatisticsFunctions/arm_std_f16.o
LOAD ./Middlewares/Third_Party/ARM_CMSIS/CMSIS/DSP/Source/StatisticsFunctions/arm_std_f32.o
LOAD ./Middlewares/Third_Party/ARM_CMSIS/CMSIS/DSP/Source/StatisticsFunctions/arm_std_q15.o
LOAD ./Middlewares/Third_Party/ARM_CMSIS/CMSIS/DSP/Source/StatisticsFunctions/arm_std_q31.o
LOAD ./Middlewares/Third_Party/ARM_CMSIS/CMSIS/DSP/Source/StatisticsFunctions/arm_var_f16.o
LOAD ./Middlewares/Third_Party/ARM_CMSIS/CMSIS/DSP/Source/StatisticsFunctions/arm_var_f32.o
LOAD ./Middlewares/Third_Party/ARM_CMSIS/CMSIS/DSP/Source/StatisticsFunctions/arm_var_q15.o
LOAD ./Middlewares/Third_Party/ARM_CMSIS/CMSIS/DSP/Source/StatisticsFunctions/arm_var_q31.o
LOAD ./Middlewares/Third_Party/ARM_CMSIS/CMSIS/DSP/Source/SupportFunctions/arm_barycenter_f16.o
LOAD ./Middlewares/Third_Party/ARM_CMSIS/CMSIS/DSP/Source/SupportFunctions/arm_barycenter_f32.o
LOAD ./Middlewares/Third_Party/ARM_CMSIS/CMSIS/DSP/Source/SupportFunctions/arm_bitonic_sort_f32.o
LOAD ./Middlewares/Third_Party/ARM_CMSIS/CMSIS/DSP/Source/SupportFunctions/arm_bubble_sort_f32.o
LOAD ./Middlewares/Third_Party/ARM_CMSIS/CMSIS/DSP/Source/SupportFunctions/arm_copy_f16.o
LOAD ./Middlewares/Third_Party/ARM_CMSIS/CMSIS/DSP/Source/SupportFunctions/arm_copy_f32.o
LOAD ./Middlewares/Third_Party/ARM_CMSIS/CMSIS/DSP/Source/SupportFunctions/arm_copy_q15.o
LOAD ./Middlewares/Third_Party/ARM_CMSIS/CMSIS/DSP/Source/SupportFunctions/arm_copy_q31.o
LOAD ./Middlewares/Third_Party/ARM_CMSIS/CMSIS/DSP/Source/SupportFunctions/arm_copy_q7.o
LOAD ./Middlewares/Third_Party/ARM_CMSIS/CMSIS/DSP/Source/SupportFunctions/arm_f16_to_float.o
LOAD ./Middlewares/Third_Party/ARM_CMSIS/CMSIS/DSP/Source/SupportFunctions/arm_f16_to_q15.o
LOAD ./Middlewares/Third_Party/ARM_CMSIS/CMSIS/DSP/Source/SupportFunctions/arm_fill_f16.o
LOAD ./Middlewares/Third_Party/ARM_CMSIS/CMSIS/DSP/Source/SupportFunctions/arm_fill_f32.o
LOAD ./Middlewares/Third_Party/ARM_CMSIS/CMSIS/DSP/Source/SupportFunctions/arm_fill_q15.o
LOAD ./Middlewares/Third_Party/ARM_CMSIS/CMSIS/DSP/Source/SupportFunctions/arm_fill_q31.o
LOAD ./Middlewares/Third_Party/ARM_CMSIS/CMSIS/DSP/Source/SupportFunctions/arm_fill_q7.o
LOAD ./Middlewares/Third_Party/ARM_CMSIS/CMSIS/DSP/Source/SupportFunctions/arm_float_to_f16.o
LOAD ./Middlewares/Third_Party/ARM_CMSIS/CMSIS/DSP/Source/SupportFunctions/arm_float_to_q15.o
LOAD ./Middlewares/Third_Party/ARM_CMSIS/CMSIS/DSP/Source/SupportFunctions/arm_float_to_q31.o
LOAD ./Middlewares/Third_Party/ARM_CMSIS/CMSIS/DSP/Source/SupportFunctions/arm_float_to_q7.o
LOAD ./Middlewares/Third_Party/ARM_CMSIS/CMSIS/DSP/Source/SupportFunctions/arm_heap_sort_f32.o
LOAD ./Middlewares/Third_Party/ARM_CMSIS/CMSIS/DSP/Source/SupportFunctions/arm_insertion_sort_f32.o
LOAD ./Middlewares/Third_Party/ARM_CMSIS/CMSIS/DSP/Source/SupportFunctions/arm_merge_sort_f32.o
LOAD ./Middlewares/Third_Party/ARM_CMSIS/CMSIS/DSP/Source/SupportFunctions/arm_merge_sort_init_f32.o
LOAD ./Middlewares/Third_Party/ARM_CMSIS/CMSIS/DSP/Source/SupportFunctions/arm_q15_to_f16.o
LOAD ./Middlewares/Third_Party/ARM_CMSIS/CMSIS/DSP/Source/SupportFunctions/arm_q15_to_float.o
LOAD ./Middlewares/Third_Party/ARM_CMSIS/CMSIS/DSP/Source/SupportFunctions/arm_q15_to_q31.o
LOAD ./Middlewares/Third_Party/ARM_CMSIS/CMSIS/DSP/Source/SupportFunctions/arm_q15_to_q7.o
LOAD ./Middlewares/Third_Party/ARM_CMSIS/CMSIS/DSP/Source/SupportFunctions/arm_q31_to_float.o
LOAD ./Middlewares/Third_Party/ARM_CMSIS/CMSIS/DSP/Source/SupportFunctions/arm_q31_to_q15.o
LOAD ./Middlewares/Third_Party/ARM_CMSIS/CMSIS/DSP/Source/SupportFunctions/arm_q31_to_q7.o
LOAD ./Middlewares/Third_Party/ARM_CMSIS/CMSIS/DSP/Source/SupportFunctions/arm_q7_to_float.o
LOAD ./Middlewares/Third_Party/ARM_CMSIS/CMSIS/DSP/Source/SupportFunctions/arm_q7_to_q15.o
LOAD ./Middlewares/Third_Party/ARM_CMSIS/CMSIS/DSP/Source/SupportFunctions/arm_q7_to_q31.o
LOAD ./Middlewares/Third_Party/ARM_CMSIS/CMSIS/DSP/Source/SupportFunctions/arm_quick_sort_f32.o
LOAD ./Middlewares/Third_Party/ARM_CMSIS/CMSIS/DSP/Source/SupportFunctions/arm_selection_sort_f32.o
LOAD ./Middlewares/Third_Party/ARM_CMSIS/CMSIS/DSP/Source/SupportFunctions/arm_sort_f32.o
LOAD ./Middlewares/Third_Party/ARM_CMSIS/CMSIS/DSP/Source/SupportFunctions/arm_sort_init_f32.o
LOAD ./Middlewares/Third_Party/ARM_CMSIS/CMSIS/DSP/Source/SupportFunctions/arm_weighted_sum_f16.o
LOAD ./Middlewares/Third_Party/ARM_CMSIS/CMSIS/DSP/Source/SupportFunctions/arm_weighted_sum_f32.o
LOAD ./Middlewares/Third_Party/ARM_CMSIS/CMSIS/DSP/Source/TransformFunctions/arm_bitreversal.o
LOAD ./Middlewares/Third_Party/ARM_CMSIS/CMSIS/DSP/Source/TransformFunctions/arm_bitreversal2.o
LOAD ./Middlewares/Third_Party/ARM_CMSIS/CMSIS/DSP/Source/TransformFunctions/arm_bitreversal_f16.o
LOAD ./Middlewares/Third_Party/ARM_CMSIS/CMSIS/DSP/Source/TransformFunctions/arm_cfft_f16.o
LOAD ./Middlewares/Third_Party/ARM_CMSIS/CMSIS/DSP/Source/TransformFunctions/arm_cfft_f32.o
LOAD ./Middlewares/Third_Party/ARM_CMSIS/CMSIS/DSP/Source/TransformFunctions/arm_cfft_f64.o
LOAD ./Middlewares/Third_Party/ARM_CMSIS/CMSIS/DSP/Source/TransformFunctions/arm_cfft_init_f16.o
LOAD ./Middlewares/Third_Party/ARM_CMSIS/CMSIS/DSP/Source/TransformFunctions/arm_cfft_init_f32.o
LOAD ./Middlewares/Third_Party/ARM_CMSIS/CMSIS/DSP/Source/TransformFunctions/arm_cfft_init_f64.o
LOAD ./Middlewares/Third_Party/ARM_CMSIS/CMSIS/DSP/Source/TransformFunctions/arm_cfft_init_q15.o
LOAD ./Middlewares/Third_Party/ARM_CMSIS/CMSIS/DSP/Source/TransformFunctions/arm_cfft_init_q31.o
LOAD ./Middlewares/Third_Party/ARM_CMSIS/CMSIS/DSP/Source/TransformFunctions/arm_cfft_q15.o
LOAD ./Middlewares/Third_Party/ARM_CMSIS/CMSIS/DSP/Source/TransformFunctions/arm_cfft_q31.o
LOAD ./Middlewares/Third_Party/ARM_CMSIS/CMSIS/DSP/Source/TransformFunctions/arm_cfft_radix2_f16.o
LOAD ./Middlewares/Third_Party/ARM_CMSIS/CMSIS/DSP/Source/TransformFunctions/arm_cfft_radix2_f32.o
LOAD ./Middlewares/Third_Party/ARM_CMSIS/CMSIS/DSP/Source/TransformFunctions/arm_cfft_radix2_init_f16.o
LOAD ./Middlewares/Third_Party/ARM_CMSIS/CMSIS/DSP/Source/TransformFunctions/arm_cfft_radix2_init_f32.o
LOAD ./Middlewares/Third_Party/ARM_CMSIS/CMSIS/DSP/Source/TransformFunctions/arm_cfft_radix2_init_q15.o
LOAD ./Middlewares/Third_Party/ARM_CMSIS/CMSIS/DSP/Source/TransformFunctions/arm_cfft_radix2_init_q31.o
LOAD ./Middlewares/Third_Party/ARM_CMSIS/CMSIS/DSP/Source/TransformFunctions/arm_cfft_radix2_q15.o
LOAD ./Middlewares/Third_Party/ARM_CMSIS/CMSIS/DSP/Source/TransformFunctions/arm_cfft_radix2_q31.o
LOAD ./Middlewares/Third_Party/ARM_CMSIS/CMSIS/DSP/Source/TransformFunctions/arm_cfft_radix4_f16.o
LOAD ./Middlewares/Third_Party/ARM_CMSIS/CMSIS/DSP/Source/TransformFunctions/arm_cfft_radix4_f32.o
LOAD ./Middlewares/Third_Party/ARM_CMSIS/CMSIS/DSP/Source/TransformFunctions/arm_cfft_radix4_init_f16.o
LOAD ./Middlewares/Third_Party/ARM_CMSIS/CMSIS/DSP/Source/TransformFunctions/arm_cfft_radix4_init_f32.o
LOAD ./Middlewares/Third_Party/ARM_CMSIS/CMSIS/DSP/Source/TransformFunctions/arm_cfft_radix4_init_q15.o
LOAD ./Middlewares/Third_Party/ARM_CMSIS/CMSIS/DSP/Source/TransformFunctions/arm_cfft_radix4_init_q31.o
LOAD ./Middlewares/Third_Party/ARM_CMSIS/CMSIS/DSP/Source/TransformFunctions/arm_cfft_radix4_q15.o
LOAD ./Middlewares/Third_Party/ARM_CMSIS/CMSIS/DSP/Source/TransformFunctions/arm_cfft_radix4_q31.o
LOAD ./Middlewares/Third_Party/ARM_CMSIS/CMSIS/DSP/Source/TransformFunctions/arm_cfft_radix8_f16.o
LOAD ./Middlewares/Third_Party/ARM_CMSIS/CMSIS/DSP/Source/TransformFunctions/arm_cfft_radix8_f32.o
LOAD ./Middlewares/Third_Party/ARM_CMSIS/CMSIS/DSP/Source/TransformFunctions/arm_dct4_f32.o
LOAD ./Middlewares/Third_Party/ARM_CMSIS/CMSIS/DSP/Source/TransformFunctions/arm_dct4_init_f32.o
LOAD ./Middlewares/Third_Party/ARM_CMSIS/CMSIS/DSP/Source/TransformFunctions/arm_dct4_init_q15.o
LOAD ./Middlewares/Third_Party/ARM_CMSIS/CMSIS/DSP/Source/TransformFunctions/arm_dct4_init_q31.o
LOAD ./Middlewares/Third_Party/ARM_CMSIS/CMSIS/DSP/Source/TransformFunctions/arm_dct4_q15.o
LOAD ./Middlewares/Third_Party/ARM_CMSIS/CMSIS/DSP/Source/TransformFunctions/arm_dct4_q31.o
LOAD ./Middlewares/Third_Party/ARM_CMSIS/CMSIS/DSP/Source/TransformFunctions/arm_rfft_f32.o
LOAD ./Middlewares/Third_Party/ARM_CMSIS/CMSIS/DSP/Source/TransformFunctions/arm_rfft_fast_f16.o
LOAD ./Middlewares/Third_Party/ARM_CMSIS/CMSIS/DSP/Source/TransformFunctions/arm_rfft_fast_f32.o
LOAD ./Middlewares/Third_Party/ARM_CMSIS/CMSIS/DSP/Source/TransformFunctions/arm_rfft_fast_f64.o
LOAD ./Middlewares/Third_Party/ARM_CMSIS/CMSIS/DSP/Source/TransformFunctions/arm_rfft_fast_init_f16.o
LOAD ./Middlewares/Third_Party/ARM_CMSIS/CMSIS/DSP/Source/TransformFunctions/arm_rfft_fast_init_f32.o
LOAD ./Middlewares/Third_Party/ARM_CMSIS/CMSIS/DSP/Source/TransformFunctions/arm_rfft_fast_init_f64.o
LOAD ./Middlewares/Third_Party/ARM_CMSIS/CMSIS/DSP/Source/TransformFunctions/arm_rfft_init_f32.o
LOAD ./Middlewares/Third_Party/ARM_CMSIS/CMSIS/DSP/Source/TransformFunctions/arm_rfft_init_q15.o
LOAD ./Middlewares/Third_Party/ARM_CMSIS/CMSIS/DSP/Source/TransformFunctions/arm_rfft_init_q31.o
LOAD ./Middlewares/Third_Party/ARM_CMSIS/CMSIS/DSP/Source/TransformFunctions/arm_rfft_q15.o
LOAD ./Middlewares/Third_Party/ARM_CMSIS/CMSIS/DSP/Source/TransformFunctions/arm_rfft_q31.o
START GROUP
LOAD c:/st/stm32cubeide_1.7.0/stm32cubeide/plugins/com.st.stm32cube.ide.mcu.externaltools.gnu-tools-for-stm32.10.3-2021.10.win32_1.0.100.202210260954/tools/bin/../lib/gcc/arm-none-eabi/10.3.1/../../../../arm-none-eabi/lib/thumb/v7e-m+fp/hard\libc_nano.a
LOAD c:/st/stm32cubeide_1.7.0/stm32cubeide/plugins/com.st.stm32cube.ide.mcu.externaltools.gnu-tools-for-stm32.10.3-2021.10.win32_1.0.100.202210260954/tools/bin/../lib/gcc/arm-none-eabi/10.3.1/../../../../arm-none-eabi/lib/thumb/v7e-m+fp/hard\libm.a
END GROUP
START GROUP
LOAD c:/st/stm32cubeide_1.7.0/stm32cubeide/plugins/com.st.stm32cube.ide.mcu.externaltools.gnu-tools-for-stm32.10.3-2021.10.win32_1.0.100.202210260954/tools/bin/../lib/gcc/arm-none-eabi/10.3.1/thumb/v7e-m+fp/hard\libgcc.a
LOAD c:/st/stm32cubeide_1.7.0/stm32cubeide/plugins/com.st.stm32cube.ide.mcu.externaltools.gnu-tools-for-stm32.10.3-2021.10.win32_1.0.100.202210260954/tools/bin/../lib/gcc/arm-none-eabi/10.3.1/../../../../arm-none-eabi/lib/thumb/v7e-m+fp/hard\libc_nano.a
END GROUP
START GROUP
LOAD c:/st/stm32cubeide_1.7.0/stm32cubeide/plugins/com.st.stm32cube.ide.mcu.externaltools.gnu-tools-for-stm32.10.3-2021.10.win32_1.0.100.202210260954/tools/bin/../lib/gcc/arm-none-eabi/10.3.1/thumb/v7e-m+fp/hard\libgcc.a
LOAD c:/st/stm32cubeide_1.7.0/stm32cubeide/plugins/com.st.stm32cube.ide.mcu.externaltools.gnu-tools-for-stm32.10.3-2021.10.win32_1.0.100.202210260954/tools/bin/../lib/gcc/arm-none-eabi/10.3.1/../../../../arm-none-eabi/lib/thumb/v7e-m+fp/hard\libc_nano.a
LOAD c:/st/stm32cubeide_1.7.0/stm32cubeide/plugins/com.st.stm32cube.ide.mcu.externaltools.gnu-tools-for-stm32.10.3-2021.10.win32_1.0.100.202210260954/tools/bin/../lib/gcc/arm-none-eabi/10.3.1/../../../../arm-none-eabi/lib/thumb/v7e-m+fp/hard\libnosys.a
END GROUP
START GROUP
LOAD c:/st/stm32cubeide_1.7.0/stm32cubeide/plugins/com.st.stm32cube.ide.mcu.externaltools.gnu-tools-for-stm32.10.3-2021.10.win32_1.0.100.202210260954/tools/bin/../lib/gcc/arm-none-eabi/10.3.1/thumb/v7e-m+fp/hard\libgcc.a
LOAD c:/st/stm32cubeide_1.7.0/stm32cubeide/plugins/com.st.stm32cube.ide.mcu.externaltools.gnu-tools-for-stm32.10.3-2021.10.win32_1.0.100.202210260954/tools/bin/../lib/gcc/arm-none-eabi/10.3.1/../../../../arm-none-eabi/lib/thumb/v7e-m+fp/hard\libc_nano.a
LOAD c:/st/stm32cubeide_1.7.0/stm32cubeide/plugins/com.st.stm32cube.ide.mcu.externaltools.gnu-tools-for-stm32.10.3-2021.10.win32_1.0.100.202210260954/tools/bin/../lib/gcc/arm-none-eabi/10.3.1/../../../../arm-none-eabi/lib/thumb/v7e-m+fp/hard\libnosys.a
END GROUP
LOAD c:/st/stm32cubeide_1.7.0/stm32cubeide/plugins/com.st.stm32cube.ide.mcu.externaltools.gnu-tools-for-stm32.10.3-2021.10.win32_1.0.100.202210260954/tools/bin/../lib/gcc/arm-none-eabi/10.3.1/thumb/v7e-m+fp/hard/crtend.o
LOAD c:/st/stm32cubeide_1.7.0/stm32cubeide/plugins/com.st.stm32cube.ide.mcu.externaltools.gnu-tools-for-stm32.10.3-2021.10.win32_1.0.100.202210260954/tools/bin/../lib/gcc/arm-none-eabi/10.3.1/thumb/v7e-m+fp/hard/crtn.o
                0x0000000020010000                _estack = (ORIGIN (RAM) + LENGTH (RAM))
                0x0000000000000200                _Min_Heap_Size = 0x200
                0x0000000000000400                _Min_Stack_Size = 0x400

.isr_vector     0x0000000008000000      0x18c
                0x0000000008000000                . = ALIGN (0x4)
 *(.isr_vector)
 .isr_vector    0x0000000008000000      0x18c ./Core/Startup/startup_stm32l443cctx.o
                0x0000000008000000                g_pfnVectors
                0x000000000800018c                . = ALIGN (0x4)

.text           0x0000000008000190     0x4dbc
                0x0000000008000190                . = ALIGN (0x4)
 *(.text)
 .text          0x0000000008000190       0x40 c:/st/stm32cubeide_1.7.0/stm32cubeide/plugins/com.st.stm32cube.ide.mcu.externaltools.gnu-tools-for-stm32.10.3-2021.10.win32_1.0.100.202210260954/tools/bin/../lib/gcc/arm-none-eabi/10.3.1/thumb/v7e-m+fp/hard/crtbegin.o
 .text          0x00000000080001d0       0xa0 c:/st/stm32cubeide_1.7.0/stm32cubeide/plugins/com.st.stm32cube.ide.mcu.externaltools.gnu-tools-for-stm32.10.3-2021.10.win32_1.0.100.202210260954/tools/bin/../lib/gcc/arm-none-eabi/10.3.1/../../../../arm-none-eabi/lib/thumb/v7e-m+fp/hard\libc_nano.a(lib_a-memchr.o)
                0x00000000080001d0                memchr
 .text          0x0000000008000270      0x378 c:/st/stm32cubeide_1.7.0/stm32cubeide/plugins/com.st.stm32cube.ide.mcu.externaltools.gnu-tools-for-stm32.10.3-2021.10.win32_1.0.100.202210260954/tools/bin/../lib/gcc/arm-none-eabi/10.3.1/thumb/v7e-m+fp/hard\libgcc.a(_arm_addsubdf3.o)
                0x0000000008000270                __aeabi_drsub
                0x0000000008000278                __aeabi_dsub
                0x0000000008000278                __subdf3
                0x000000000800027c                __aeabi_dadd
                0x000000000800027c                __adddf3
                0x00000000080004f4                __floatunsidf
                0x00000000080004f4                __aeabi_ui2d
                0x0000000008000514                __floatsidf
                0x0000000008000514                __aeabi_i2d
                0x0000000008000538                __aeabi_f2d
                0x0000000008000538                __extendsfdf2
                0x000000000800057c                __floatundidf
                0x000000000800057c                __aeabi_ul2d
                0x000000000800058c                __floatdidf
                0x000000000800058c                __aeabi_l2d
 .text          0x00000000080005e8      0x424 c:/st/stm32cubeide_1.7.0/stm32cubeide/plugins/com.st.stm32cube.ide.mcu.externaltools.gnu-tools-for-stm32.10.3-2021.10.win32_1.0.100.202210260954/tools/bin/../lib/gcc/arm-none-eabi/10.3.1/thumb/v7e-m+fp/hard\libgcc.a(_arm_muldivdf3.o)
                0x00000000080005e8                __aeabi_dmul
                0x00000000080005e8                __muldf3
                0x000000000800083c                __divdf3
                0x000000000800083c                __aeabi_ddiv
 .text          0x0000000008000a0c      0x110 c:/st/stm32cubeide_1.7.0/stm32cubeide/plugins/com.st.stm32cube.ide.mcu.externaltools.gnu-tools-for-stm32.10.3-2021.10.win32_1.0.100.202210260954/tools/bin/../lib/gcc/arm-none-eabi/10.3.1/thumb/v7e-m+fp/hard\libgcc.a(_arm_cmpdf2.o)
                0x0000000008000a0c                __gtdf2
                0x0000000008000a0c                __gedf2
                0x0000000008000a14                __ltdf2
                0x0000000008000a14                __ledf2
                0x0000000008000a1c                __nedf2
                0x0000000008000a1c                __eqdf2
                0x0000000008000a1c                __cmpdf2
                0x0000000008000a98                __aeabi_cdrcmple
                0x0000000008000aa8                __aeabi_cdcmpeq
                0x0000000008000aa8                __aeabi_cdcmple
                0x0000000008000ab8                __aeabi_dcmpeq
                0x0000000008000acc                __aeabi_dcmplt
                0x0000000008000ae0                __aeabi_dcmple
                0x0000000008000af4                __aeabi_dcmpge
                0x0000000008000b08                __aeabi_dcmpgt
 .text          0x0000000008000b1c       0x50 c:/st/stm32cubeide_1.7.0/stm32cubeide/plugins/com.st.stm32cube.ide.mcu.externaltools.gnu-tools-for-stm32.10.3-2021.10.win32_1.0.100.202210260954/tools/bin/../lib/gcc/arm-none-eabi/10.3.1/thumb/v7e-m+fp/hard\libgcc.a(_arm_fixdfsi.o)
                0x0000000008000b1c                __aeabi_d2iz
                0x0000000008000b1c                __fixdfsi
 .text          0x0000000008000b6c       0xa0 c:/st/stm32cubeide_1.7.0/stm32cubeide/plugins/com.st.stm32cube.ide.mcu.externaltools.gnu-tools-for-stm32.10.3-2021.10.win32_1.0.100.202210260954/tools/bin/../lib/gcc/arm-none-eabi/10.3.1/thumb/v7e-m+fp/hard\libgcc.a(_arm_truncdfsf2.o)
                0x0000000008000b6c                __truncdfsf2
                0x0000000008000b6c                __aeabi_d2f
 *(.text*)
 .text.IMU_chipSelect
                0x0000000008000c0c       0x1c ./Core/Src/IMU.o
                0x0000000008000c0c                IMU_chipSelect
 .text.IMU_readSensorData
                0x0000000008000c28        0x8 ./Core/Src/IMU.o
                0x0000000008000c28                IMU_readSensorData
 .text.IMU_init
                0x0000000008000c30       0x10 ./Core/Src/IMU.o
                0x0000000008000c30                IMU_init
 .text.SystemClock_Config
                0x0000000008000c40       0x62 ./Core/Src/main.o
                0x0000000008000c40                SystemClock_Config
 *fill*         0x0000000008000ca2        0x2 
 .text.startup.main
                0x0000000008000ca4       0xc8 ./Core/Src/main.o
                0x0000000008000ca4                main
 .text.calculateRotationMatrix
                0x0000000008000d6c       0xd4 ./Core/Src/processing.o
                0x0000000008000d6c                calculateRotationMatrix
 .text.calculateStateEstimation
                0x0000000008000e40       0xa0 ./Core/Src/processing.o
                0x0000000008000e40                calculateStateEstimation
 .text.calculateStateEstimationErrorCovariance
                0x0000000008000ee0       0x5c ./Core/Src/processing.o
                0x0000000008000ee0                calculateStateEstimationErrorCovariance
 .text.calculateGainMatrix
                0x0000000008000f3c      0x10c ./Core/Src/processing.o
                0x0000000008000f3c                calculateGainMatrix
 .text.calculateOptimalStateEstimation
                0x0000000008001048      0x120 ./Core/Src/processing.o
                0x0000000008001048                calculateOptimalStateEstimation
 .text.calculateOptimalEstimationErrorCovariance
                0x0000000008001168       0x78 ./Core/Src/processing.o
                0x0000000008001168                calculateOptimalEstimationErrorCovariance
 .text.updateFMatrix
                0x00000000080011e0       0x20 ./Core/Src/processing.o
                0x00000000080011e0                updateFMatrix
 .text.updateBMatrix
                0x0000000008001200       0x44 ./Core/Src/processing.o
                0x0000000008001200                updateBMatrix
 .text.updatePreviousMatrices
                0x0000000008001244       0x6c ./Core/Src/processing.o
                0x0000000008001244                updatePreviousMatrices
 .text.cross_product
                0x00000000080012b0       0x44 ./Core/Src/processing.o
                0x00000000080012b0                cross_product
 .text.updateZiVector
                0x00000000080012f4       0x6c ./Core/Src/processing.o
                0x00000000080012f4                updateZiVector
 .text.initRingBuffers
                0x0000000008001360       0x88 ./Core/Src/processing.o
                0x0000000008001360                initRingBuffers
 .text.getNextGyroReading
                0x00000000080013e8       0xd4 ./Core/Src/processing.o
                0x00000000080013e8                getNextGyroReading
 .text.calculateAvgAngularRate
                0x00000000080014bc       0x48 ./Core/Src/processing.o
                0x00000000080014bc                calculateAvgAngularRate
 .text.getNextXLReading
                0x0000000008001504      0x140 ./Core/Src/processing.o
                0x0000000008001504                getNextXLReading
 .text.updateUVector
                0x0000000008001644       0xc8 ./Core/Src/processing.o
                0x0000000008001644                updateUVector
 .text.initZUPT
                0x000000000800170c       0x10 ./Core/Src/processing.o
                0x000000000800170c                initZUPT
 .text.init_processing
                0x000000000800171c      0x1c0 ./Core/Src/processing.o
                0x000000000800171c                init_processing
 *fill*         0x00000000080018dc        0x4 
 .text.detectZUPTPhase
                0x00000000080018e0      0x100 ./Core/Src/processing.o
                0x00000000080018e0                detectZUPTPhase
 .text.calculateCorrectedState
                0x00000000080019e0       0xf0 ./Core/Src/processing.o
                0x00000000080019e0                calculateCorrectedState
 .text.HAL_MspInit
                0x0000000008001ad0       0x30 ./Core/Src/stm32l4xx_hal_msp.o
                0x0000000008001ad0                HAL_MspInit
 .text.HAL_SPI_MspInit
                0x0000000008001b00       0x64 ./Core/Src/stm32l4xx_hal_msp.o
                0x0000000008001b00                HAL_SPI_MspInit
 .text.NMI_Handler
                0x0000000008001b64        0x2 ./Core/Src/stm32l4xx_it.o
                0x0000000008001b64                NMI_Handler
 .text.HardFault_Handler
                0x0000000008001b66        0x2 ./Core/Src/stm32l4xx_it.o
                0x0000000008001b66                HardFault_Handler
 .text.MemManage_Handler
                0x0000000008001b68        0x2 ./Core/Src/stm32l4xx_it.o
                0x0000000008001b68                MemManage_Handler
 .text.BusFault_Handler
                0x0000000008001b6a        0x2 ./Core/Src/stm32l4xx_it.o
                0x0000000008001b6a                BusFault_Handler
 .text.UsageFault_Handler
                0x0000000008001b6c        0x2 ./Core/Src/stm32l4xx_it.o
                0x0000000008001b6c                UsageFault_Handler
 .text.SVC_Handler
                0x0000000008001b6e        0x2 ./Core/Src/stm32l4xx_it.o
                0x0000000008001b6e                SVC_Handler
 .text.DebugMon_Handler
                0x0000000008001b70        0x2 ./Core/Src/stm32l4xx_it.o
                0x0000000008001b70                DebugMon_Handler
 .text.PendSV_Handler
                0x0000000008001b72        0x2 ./Core/Src/stm32l4xx_it.o
                0x0000000008001b72                PendSV_Handler
 .text.SysTick_Handler
                0x0000000008001b74        0x4 ./Core/Src/stm32l4xx_it.o
                0x0000000008001b74                SysTick_Handler
 .text._getpid  0x0000000008001b78        0x4 ./Core/Src/syscalls.o
                0x0000000008001b78                _getpid
 .text._kill    0x0000000008001b7c       0x10 ./Core/Src/syscalls.o
                0x0000000008001b7c                _kill
 .text._exit    0x0000000008001b8c        0xc ./Core/Src/syscalls.o
                0x0000000008001b8c                _exit
 .text._read    0x0000000008001b98       0x1c ./Core/Src/syscalls.o
                0x0000000008001b98                _read
 .text._write   0x0000000008001bb4       0x1c ./Core/Src/syscalls.o
                0x0000000008001bb4                _write
 .text._close   0x0000000008001bd0        0x6 ./Core/Src/syscalls.o
                0x0000000008001bd0                _close
 .text._fstat   0x0000000008001bd6        0xa ./Core/Src/syscalls.o
                0x0000000008001bd6                _fstat
 .text._isatty  0x0000000008001be0        0x4 ./Core/Src/syscalls.o
                0x0000000008001be0                _isatty
 .text._lseek   0x0000000008001be4        0x4 ./Core/Src/syscalls.o
                0x0000000008001be4                _lseek
 .text._sbrk    0x0000000008001be8       0x40 ./Core/Src/sysmem.o
                0x0000000008001be8                _sbrk
 .text.SystemInit
                0x0000000008001c28       0x14 ./Core/Src/system_stm32l4xx.o
                0x0000000008001c28                SystemInit
 .text.Reset_Handler
                0x0000000008001c3c       0x50 ./Core/Startup/startup_stm32l443cctx.o
                0x0000000008001c3c                Reset_Handler
 .text.Default_Handler
                0x0000000008001c8c        0x2 ./Core/Startup/startup_stm32l443cctx.o
                0x0000000008001c8c                RTC_Alarm_IRQHandler
                0x0000000008001c8c                EXTI2_IRQHandler
                0x0000000008001c8c                TIM1_CC_IRQHandler
                0x0000000008001c8c                TSC_IRQHandler
                0x0000000008001c8c                TAMP_STAMP_IRQHandler
                0x0000000008001c8c                EXTI3_IRQHandler
                0x0000000008001c8c                LPTIM2_IRQHandler
                0x0000000008001c8c                I2C3_ER_IRQHandler
                0x0000000008001c8c                EXTI0_IRQHandler
                0x0000000008001c8c                I2C2_EV_IRQHandler
                0x0000000008001c8c                CAN1_RX0_IRQHandler
                0x0000000008001c8c                FPU_IRQHandler
                0x0000000008001c8c                TIM1_UP_TIM16_IRQHandler
                0x0000000008001c8c                SPI1_IRQHandler
                0x0000000008001c8c                TIM6_DAC_IRQHandler
                0x0000000008001c8c                DMA2_Channel2_IRQHandler
                0x0000000008001c8c                DMA1_Channel4_IRQHandler
                0x0000000008001c8c                ADC1_IRQHandler
                0x0000000008001c8c                USART3_IRQHandler
                0x0000000008001c8c                DMA1_Channel7_IRQHandler
                0x0000000008001c8c                CAN1_RX1_IRQHandler
                0x0000000008001c8c                LCD_IRQHandler
                0x0000000008001c8c                DMA2_Channel1_IRQHandler
                0x0000000008001c8c                QUADSPI_IRQHandler
                0x0000000008001c8c                I2C1_EV_IRQHandler
                0x0000000008001c8c                DMA1_Channel6_IRQHandler
                0x0000000008001c8c                DMA2_Channel4_IRQHandler
                0x0000000008001c8c                RCC_IRQHandler
                0x0000000008001c8c                TIM1_TRG_COM_IRQHandler
                0x0000000008001c8c                DMA1_Channel1_IRQHandler
                0x0000000008001c8c                Default_Handler
                0x0000000008001c8c                DMA2_Channel7_IRQHandler
                0x0000000008001c8c                EXTI15_10_IRQHandler
                0x0000000008001c8c                TIM7_IRQHandler
                0x0000000008001c8c                SDMMC1_IRQHandler
                0x0000000008001c8c                I2C3_EV_IRQHandler
                0x0000000008001c8c                USB_IRQHandler
                0x0000000008001c8c                EXTI9_5_IRQHandler
                0x0000000008001c8c                RTC_WKUP_IRQHandler
                0x0000000008001c8c                PVD_PVM_IRQHandler
                0x0000000008001c8c                SPI2_IRQHandler
                0x0000000008001c8c                CAN1_TX_IRQHandler
                0x0000000008001c8c                DMA2_Channel5_IRQHandler
                0x0000000008001c8c                CRS_IRQHandler
                0x0000000008001c8c                DMA1_Channel5_IRQHandler
                0x0000000008001c8c                EXTI4_IRQHandler
                0x0000000008001c8c                RNG_IRQHandler
                0x0000000008001c8c                DMA1_Channel3_IRQHandler
                0x0000000008001c8c                COMP_IRQHandler
                0x0000000008001c8c                WWDG_IRQHandler
                0x0000000008001c8c                LPUART1_IRQHandler
                0x0000000008001c8c                DMA2_Channel6_IRQHandler
                0x0000000008001c8c                TIM2_IRQHandler
                0x0000000008001c8c                EXTI1_IRQHandler
                0x0000000008001c8c                AES_IRQHandler
                0x0000000008001c8c                USART2_IRQHandler
                0x0000000008001c8c                I2C2_ER_IRQHandler
                0x0000000008001c8c                DMA1_Channel2_IRQHandler
                0x0000000008001c8c                CAN1_SCE_IRQHandler
                0x0000000008001c8c                FLASH_IRQHandler
                0x0000000008001c8c                USART1_IRQHandler
                0x0000000008001c8c                SPI3_IRQHandler
                0x0000000008001c8c                I2C1_ER_IRQHandler
                0x0000000008001c8c                SWPMI1_IRQHandler
                0x0000000008001c8c                LPTIM1_IRQHandler
                0x0000000008001c8c                SAI1_IRQHandler
                0x0000000008001c8c                DMA2_Channel3_IRQHandler
                0x0000000008001c8c                TIM1_BRK_TIM15_IRQHandler
 *fill*         0x0000000008001c8e        0x2 
 .text.HAL_InitTick
                0x0000000008001c90       0x4c ./Drivers/STM32L4xx_HAL_Driver/Src/stm32l4xx_hal.o
                0x0000000008001c90                HAL_InitTick
 .text.HAL_Init
                0x0000000008001cdc       0x1e ./Drivers/STM32L4xx_HAL_Driver/Src/stm32l4xx_hal.o
                0x0000000008001cdc                HAL_Init
 *fill*         0x0000000008001cfa        0x2 
 .text.HAL_IncTick
                0x0000000008001cfc       0x18 ./Drivers/STM32L4xx_HAL_Driver/Src/stm32l4xx_hal.o
                0x0000000008001cfc                HAL_IncTick
 .text.HAL_GetTick
                0x0000000008001d14        0xc ./Drivers/STM32L4xx_HAL_Driver/Src/stm32l4xx_hal.o
                0x0000000008001d14                HAL_GetTick
 .text.HAL_NVIC_SetPriorityGrouping
                0x0000000008001d20       0x24 ./Drivers/STM32L4xx_HAL_Driver/Src/stm32l4xx_hal_cortex.o
                0x0000000008001d20                HAL_NVIC_SetPriorityGrouping
 .text.HAL_NVIC_SetPriority
                0x0000000008001d44       0x64 ./Drivers/STM32L4xx_HAL_Driver/Src/stm32l4xx_hal_cortex.o
                0x0000000008001d44                HAL_NVIC_SetPriority
 .text.HAL_SYSTICK_Config
                0x0000000008001da8       0x28 ./Drivers/STM32L4xx_HAL_Driver/Src/stm32l4xx_hal_cortex.o
                0x0000000008001da8                HAL_SYSTICK_Config
 .text.HAL_GPIO_Init
                0x0000000008001dd0      0x188 ./Drivers/STM32L4xx_HAL_Driver/Src/stm32l4xx_hal_gpio.o
                0x0000000008001dd0                HAL_GPIO_Init
 .text.HAL_PWREx_GetVoltageRange
                0x0000000008001f58       0x10 ./Drivers/STM32L4xx_HAL_Driver/Src/stm32l4xx_hal_pwr_ex.o
                0x0000000008001f58                HAL_PWREx_GetVoltageRange
 .text.HAL_PWREx_ControlVoltageScaling
                0x0000000008001f68       0x6c ./Drivers/STM32L4xx_HAL_Driver/Src/stm32l4xx_hal_pwr_ex.o
                0x0000000008001f68                HAL_PWREx_ControlVoltageScaling
 .text.RCC_SetFlashLatencyFromMSIRange
                0x0000000008001fd4       0x84 ./Drivers/STM32L4xx_HAL_Driver/Src/stm32l4xx_hal_rcc.o
 .text.HAL_RCC_GetSysClockFreq
                0x0000000008002058       0x9c ./Drivers/STM32L4xx_HAL_Driver/Src/stm32l4xx_hal_rcc.o
                0x0000000008002058                HAL_RCC_GetSysClockFreq
 .text.HAL_RCC_OscConfig
                0x00000000080020f4      0x548 ./Drivers/STM32L4xx_HAL_Driver/Src/stm32l4xx_hal_rcc.o
                0x00000000080020f4                HAL_RCC_OscConfig
 .text.HAL_RCC_ClockConfig
                0x000000000800263c      0x154 ./Drivers/STM32L4xx_HAL_Driver/Src/stm32l4xx_hal_rcc.o
                0x000000000800263c                HAL_RCC_ClockConfig
 .text.HAL_SPI_Init
                0x0000000008002790       0xd4 ./Drivers/STM32L4xx_HAL_Driver/Src/stm32l4xx_hal_spi.o
                0x0000000008002790                HAL_SPI_Init
 .text.arm_mat_add_f32
                0x0000000008002864       0x26 ./Middlewares/Third_Party/ARM_CMSIS/CMSIS/DSP/Source/MatrixFunctions/arm_mat_add_f32.o
                0x0000000008002864                arm_mat_add_f32
 .text.arm_mat_init_f32
                0x000000000800288a        0x8 ./Middlewares/Third_Party/ARM_CMSIS/CMSIS/DSP/Source/MatrixFunctions/arm_mat_init_f32.o
                0x000000000800288a                arm_mat_init_f32
 *fill*         0x0000000008002892        0x2 
 .text.arm_mat_inverse_f32
                0x0000000008002894      0x1f4 ./Middlewares/Third_Party/ARM_CMSIS/CMSIS/DSP/Source/MatrixFunctions/arm_mat_inverse_f32.o
                0x0000000008002894                arm_mat_inverse_f32
 .text.arm_mat_mult_f32
                0x0000000008002a88       0x5c ./Middlewares/Third_Party/ARM_CMSIS/CMSIS/DSP/Source/MatrixFunctions/arm_mat_mult_f32.o
                0x0000000008002a88                arm_mat_mult_f32
 .text.arm_mat_sub_f32
                0x0000000008002ae4       0x26 ./Middlewares/Third_Party/ARM_CMSIS/CMSIS/DSP/Source/MatrixFunctions/arm_mat_sub_f32.o
                0x0000000008002ae4                arm_mat_sub_f32
 .text.arm_mat_trans_f32
                0x0000000008002b0a       0x34 ./Middlewares/Third_Party/ARM_CMSIS/CMSIS/DSP/Source/MatrixFunctions/arm_mat_trans_f32.o
                0x0000000008002b0a                arm_mat_trans_f32
 .text.arm_quaternion2rotation_f32
                0x0000000008002b3e       0xc2 ./Middlewares/Third_Party/ARM_CMSIS/CMSIS/DSP/Source/QuaternionMathFunctions/arm_quaternion2rotation_f32.o
                0x0000000008002b3e                arm_quaternion2rotation_f32
 .text.arm_quaternion_normalize_f32
                0x0000000008002c00       0x70 ./Middlewares/Third_Party/ARM_CMSIS/CMSIS/DSP/Source/QuaternionMathFunctions/arm_quaternion_normalize_f32.o
                0x0000000008002c00                arm_quaternion_normalize_f32
 .text.arm_quaternion_product_single_f32
                0x0000000008002c70       0xd2 ./Middlewares/Third_Party/ARM_CMSIS/CMSIS/DSP/Source/QuaternionMathFunctions/arm_quaternion_product_single_f32.o
                0x0000000008002c70                arm_quaternion_product_single_f32
 *fill*         0x0000000008002d42        0x2 
 .text.__assert_func
                0x0000000008002d44       0x3c c:/st/stm32cubeide_1.7.0/stm32cubeide/plugins/com.st.stm32cube.ide.mcu.externaltools.gnu-tools-for-stm32.10.3-2021.10.win32_1.0.100.202210260954/tools/bin/../lib/gcc/arm-none-eabi/10.3.1/../../../../arm-none-eabi/lib/thumb/v7e-m+fp/hard\libc_nano.a(lib_a-assert.o)
                0x0000000008002d44                __assert_func
 .text.__errno  0x0000000008002d80        0xc c:/st/stm32cubeide_1.7.0/stm32cubeide/plugins/com.st.stm32cube.ide.mcu.externaltools.gnu-tools-for-stm32.10.3-2021.10.win32_1.0.100.202210260954/tools/bin/../lib/gcc/arm-none-eabi/10.3.1/../../../../arm-none-eabi/lib/thumb/v7e-m+fp/hard\libc_nano.a(lib_a-errno.o)
                0x0000000008002d80                __errno
 .text.fprintf  0x0000000008002d8c       0x24 c:/st/stm32cubeide_1.7.0/stm32cubeide/plugins/com.st.stm32cube.ide.mcu.externaltools.gnu-tools-for-stm32.10.3-2021.10.win32_1.0.100.202210260954/tools/bin/../lib/gcc/arm-none-eabi/10.3.1/../../../../arm-none-eabi/lib/thumb/v7e-m+fp/hard\libc_nano.a(lib_a-fprintf.o)
                0x0000000008002d8c                fiprintf
                0x0000000008002d8c                fprintf
 .text.__libc_init_array
                0x0000000008002db0       0x48 c:/st/stm32cubeide_1.7.0/stm32cubeide/plugins/com.st.stm32cube.ide.mcu.externaltools.gnu-tools-for-stm32.10.3-2021.10.win32_1.0.100.202210260954/tools/bin/../lib/gcc/arm-none-eabi/10.3.1/../../../../arm-none-eabi/lib/thumb/v7e-m+fp/hard\libc_nano.a(lib_a-init.o)
                0x0000000008002db0                __libc_init_array
 .text.malloc   0x0000000008002df8       0x10 c:/st/stm32cubeide_1.7.0/stm32cubeide/plugins/com.st.stm32cube.ide.mcu.externaltools.gnu-tools-for-stm32.10.3-2021.10.win32_1.0.100.202210260954/tools/bin/../lib/gcc/arm-none-eabi/10.3.1/../../../../arm-none-eabi/lib/thumb/v7e-m+fp/hard\libc_nano.a(lib_a-malloc.o)
                0x0000000008002df8                malloc
 .text.free     0x0000000008002e08       0x10 c:/st/stm32cubeide_1.7.0/stm32cubeide/plugins/com.st.stm32cube.ide.mcu.externaltools.gnu-tools-for-stm32.10.3-2021.10.win32_1.0.100.202210260954/tools/bin/../lib/gcc/arm-none-eabi/10.3.1/../../../../arm-none-eabi/lib/thumb/v7e-m+fp/hard\libc_nano.a(lib_a-malloc.o)
                0x0000000008002e08                free
 .text.memset   0x0000000008002e18       0x10 c:/st/stm32cubeide_1.7.0/stm32cubeide/plugins/com.st.stm32cube.ide.mcu.externaltools.gnu-tools-for-stm32.10.3-2021.10.win32_1.0.100.202210260954/tools/bin/../lib/gcc/arm-none-eabi/10.3.1/../../../../arm-none-eabi/lib/thumb/v7e-m+fp/hard\libc_nano.a(lib_a-memset.o)
                0x0000000008002e18                memset
 .text._free_r  0x0000000008002e28       0x98 c:/st/stm32cubeide_1.7.0/stm32cubeide/plugins/com.st.stm32cube.ide.mcu.externaltools.gnu-tools-for-stm32.10.3-2021.10.win32_1.0.100.202210260954/tools/bin/../lib/gcc/arm-none-eabi/10.3.1/../../../../arm-none-eabi/lib/thumb/v7e-m+fp/hard\libc_nano.a(lib_a-nano-freer.o)
                0x0000000008002e28                _free_r
 .text.sbrk_aligned
                0x0000000008002ec0       0x40 c:/st/stm32cubeide_1.7.0/stm32cubeide/plugins/com.st.stm32cube.ide.mcu.externaltools.gnu-tools-for-stm32.10.3-2021.10.win32_1.0.100.202210260954/tools/bin/../lib/gcc/arm-none-eabi/10.3.1/../../../../arm-none-eabi/lib/thumb/v7e-m+fp/hard\libc_nano.a(lib_a-nano-mallocr.o)
 .text._malloc_r
                0x0000000008002f00       0xe8 c:/st/stm32cubeide_1.7.0/stm32cubeide/plugins/com.st.stm32cube.ide.mcu.externaltools.gnu-tools-for-stm32.10.3-2021.10.win32_1.0.100.202210260954/tools/bin/../lib/gcc/arm-none-eabi/10.3.1/../../../../arm-none-eabi/lib/thumb/v7e-m+fp/hard\libc_nano.a(lib_a-nano-mallocr.o)
                0x0000000008002f00                _malloc_r
 .text.__sfputc_r
                0x0000000008002fe8       0x2e c:/st/stm32cubeide_1.7.0/stm32cubeide/plugins/com.st.stm32cube.ide.mcu.externaltools.gnu-tools-for-stm32.10.3-2021.10.win32_1.0.100.202210260954/tools/bin/../lib/gcc/arm-none-eabi/10.3.1/../../../../arm-none-eabi/lib/thumb/v7e-m+fp/hard\libc_nano.a(lib_a-nano-vfprintf.o)
 .text.__sfputs_r
                0x0000000008003016       0x24 c:/st/stm32cubeide_1.7.0/stm32cubeide/plugins/com.st.stm32cube.ide.mcu.externaltools.gnu-tools-for-stm32.10.3-2021.10.win32_1.0.100.202210260954/tools/bin/../lib/gcc/arm-none-eabi/10.3.1/../../../../arm-none-eabi/lib/thumb/v7e-m+fp/hard\libc_nano.a(lib_a-nano-vfprintf.o)
                0x0000000008003016                __sfputs_r
 *fill*         0x000000000800303a        0x2 
 .text._vfprintf_r
                0x000000000800303c      0x260 c:/st/stm32cubeide_1.7.0/stm32cubeide/plugins/com.st.stm32cube.ide.mcu.externaltools.gnu-tools-for-stm32.10.3-2021.10.win32_1.0.100.202210260954/tools/bin/../lib/gcc/arm-none-eabi/10.3.1/../../../../arm-none-eabi/lib/thumb/v7e-m+fp/hard\libc_nano.a(lib_a-nano-vfprintf.o)
                0x000000000800303c                _vfprintf_r
                0x000000000800303c                _vfiprintf_r
 .text._printf_common
                0x000000000800329c       0xda c:/st/stm32cubeide_1.7.0/stm32cubeide/plugins/com.st.stm32cube.ide.mcu.externaltools.gnu-tools-for-stm32.10.3-2021.10.win32_1.0.100.202210260954/tools/bin/../lib/gcc/arm-none-eabi/10.3.1/../../../../arm-none-eabi/lib/thumb/v7e-m+fp/hard\libc_nano.a(lib_a-nano-vfprintf_i.o)
                0x000000000800329c                _printf_common
 *fill*         0x0000000008003376        0x2 
 .text._printf_i
                0x0000000008003378      0x24c c:/st/stm32cubeide_1.7.0/stm32cubeide/plugins/com.st.stm32cube.ide.mcu.externaltools.gnu-tools-for-stm32.10.3-2021.10.win32_1.0.100.202210260954/tools/bin/../lib/gcc/arm-none-eabi/10.3.1/../../../../arm-none-eabi/lib/thumb/v7e-m+fp/hard\libc_nano.a(lib_a-nano-vfprintf_i.o)
                0x0000000008003378                _printf_i
 .text._sbrk_r  0x00000000080035c4       0x20 c:/st/stm32cubeide_1.7.0/stm32cubeide/plugins/com.st.stm32cube.ide.mcu.externaltools.gnu-tools-for-stm32.10.3-2021.10.win32_1.0.100.202210260954/tools/bin/../lib/gcc/arm-none-eabi/10.3.1/../../../../arm-none-eabi/lib/thumb/v7e-m+fp/hard\libc_nano.a(lib_a-sbrkr.o)
                0x00000000080035c4                _sbrk_r
 .text.__swbuf_r
                0x00000000080035e4       0xa4 c:/st/stm32cubeide_1.7.0/stm32cubeide/plugins/com.st.stm32cube.ide.mcu.externaltools.gnu-tools-for-stm32.10.3-2021.10.win32_1.0.100.202210260954/tools/bin/../lib/gcc/arm-none-eabi/10.3.1/../../../../arm-none-eabi/lib/thumb/v7e-m+fp/hard\libc_nano.a(lib_a-wbuf.o)
                0x00000000080035e4                __swbuf_r
 .text.__swsetup_r
                0x0000000008003688       0xdc c:/st/stm32cubeide_1.7.0/stm32cubeide/plugins/com.st.stm32cube.ide.mcu.externaltools.gnu-tools-for-stm32.10.3-2021.10.win32_1.0.100.202210260954/tools/bin/../lib/gcc/arm-none-eabi/10.3.1/../../../../arm-none-eabi/lib/thumb/v7e-m+fp/hard\libc_nano.a(lib_a-wsetup.o)
                0x0000000008003688                __swsetup_r
 .text.abort    0x0000000008003764        0xe c:/st/stm32cubeide_1.7.0/stm32cubeide/plugins/com.st.stm32cube.ide.mcu.externaltools.gnu-tools-for-stm32.10.3-2021.10.win32_1.0.100.202210260954/tools/bin/../lib/gcc/arm-none-eabi/10.3.1/../../../../arm-none-eabi/lib/thumb/v7e-m+fp/hard\libc_nano.a(lib_a-abort.o)
                0x0000000008003764                abort
 *fill*         0x0000000008003772        0x2 
 .text.__sflush_r
                0x0000000008003774      0x10c c:/st/stm32cubeide_1.7.0/stm32cubeide/plugins/com.st.stm32cube.ide.mcu.externaltools.gnu-tools-for-stm32.10.3-2021.10.win32_1.0.100.202210260954/tools/bin/../lib/gcc/arm-none-eabi/10.3.1/../../../../arm-none-eabi/lib/thumb/v7e-m+fp/hard\libc_nano.a(lib_a-fflush.o)
                0x0000000008003774                __sflush_r
 .text._fflush_r
                0x0000000008003880       0x78 c:/st/stm32cubeide_1.7.0/stm32cubeide/plugins/com.st.stm32cube.ide.mcu.externaltools.gnu-tools-for-stm32.10.3-2021.10.win32_1.0.100.202210260954/tools/bin/../lib/gcc/arm-none-eabi/10.3.1/../../../../arm-none-eabi/lib/thumb/v7e-m+fp/hard\libc_nano.a(lib_a-fflush.o)
                0x0000000008003880                _fflush_r
 .text.std      0x00000000080038f8       0x48 c:/st/stm32cubeide_1.7.0/stm32cubeide/plugins/com.st.stm32cube.ide.mcu.externaltools.gnu-tools-for-stm32.10.3-2021.10.win32_1.0.100.202210260954/tools/bin/../lib/gcc/arm-none-eabi/10.3.1/../../../../arm-none-eabi/lib/thumb/v7e-m+fp/hard\libc_nano.a(lib_a-findfp.o)
 .text._cleanup_r
                0x0000000008003940        0xc c:/st/stm32cubeide_1.7.0/stm32cubeide/plugins/com.st.stm32cube.ide.mcu.externaltools.gnu-tools-for-stm32.10.3-2021.10.win32_1.0.100.202210260954/tools/bin/../lib/gcc/arm-none-eabi/10.3.1/../../../../arm-none-eabi/lib/thumb/v7e-m+fp/hard\libc_nano.a(lib_a-findfp.o)
                0x0000000008003940                _cleanup_r
 .text.__sfmoreglue
                0x000000000800394c       0x2c c:/st/stm32cubeide_1.7.0/stm32cubeide/plugins/com.st.stm32cube.ide.mcu.externaltools.gnu-tools-for-stm32.10.3-2021.10.win32_1.0.100.202210260954/tools/bin/../lib/gcc/arm-none-eabi/10.3.1/../../../../arm-none-eabi/lib/thumb/v7e-m+fp/hard\libc_nano.a(lib_a-findfp.o)
                0x000000000800394c                __sfmoreglue
 .text.__sfp_lock_acquire
                0x0000000008003978        0xc c:/st/stm32cubeide_1.7.0/stm32cubeide/plugins/com.st.stm32cube.ide.mcu.externaltools.gnu-tools-for-stm32.10.3-2021.10.win32_1.0.100.202210260954/tools/bin/../lib/gcc/arm-none-eabi/10.3.1/../../../../arm-none-eabi/lib/thumb/v7e-m+fp/hard\libc_nano.a(lib_a-findfp.o)
                0x0000000008003978                __sfp_lock_acquire
 .text.__sfp_lock_release
                0x0000000008003984        0xc c:/st/stm32cubeide_1.7.0/stm32cubeide/plugins/com.st.stm32cube.ide.mcu.externaltools.gnu-tools-for-stm32.10.3-2021.10.win32_1.0.100.202210260954/tools/bin/../lib/gcc/arm-none-eabi/10.3.1/../../../../arm-none-eabi/lib/thumb/v7e-m+fp/hard\libc_nano.a(lib_a-findfp.o)
                0x0000000008003984                __sfp_lock_release
 .text.__sinit_lock_acquire
                0x0000000008003990        0xc c:/st/stm32cubeide_1.7.0/stm32cubeide/plugins/com.st.stm32cube.ide.mcu.externaltools.gnu-tools-for-stm32.10.3-2021.10.win32_1.0.100.202210260954/tools/bin/../lib/gcc/arm-none-eabi/10.3.1/../../../../arm-none-eabi/lib/thumb/v7e-m+fp/hard\libc_nano.a(lib_a-findfp.o)
                0x0000000008003990                __sinit_lock_acquire
 .text.__sinit_lock_release
                0x000000000800399c        0xc c:/st/stm32cubeide_1.7.0/stm32cubeide/plugins/com.st.stm32cube.ide.mcu.externaltools.gnu-tools-for-stm32.10.3-2021.10.win32_1.0.100.202210260954/tools/bin/../lib/gcc/arm-none-eabi/10.3.1/../../../../arm-none-eabi/lib/thumb/v7e-m+fp/hard\libc_nano.a(lib_a-findfp.o)
                0x000000000800399c                __sinit_lock_release
 .text.__sinit  0x00000000080039a8       0x70 c:/st/stm32cubeide_1.7.0/stm32cubeide/plugins/com.st.stm32cube.ide.mcu.externaltools.gnu-tools-for-stm32.10.3-2021.10.win32_1.0.100.202210260954/tools/bin/../lib/gcc/arm-none-eabi/10.3.1/../../../../arm-none-eabi/lib/thumb/v7e-m+fp/hard\libc_nano.a(lib_a-findfp.o)
                0x00000000080039a8                __sinit
 .text.__sfp    0x0000000008003a18       0x8c c:/st/stm32cubeide_1.7.0/stm32cubeide/plugins/com.st.stm32cube.ide.mcu.externaltools.gnu-tools-for-stm32.10.3-2021.10.win32_1.0.100.202210260954/tools/bin/../lib/gcc/arm-none-eabi/10.3.1/../../../../arm-none-eabi/lib/thumb/v7e-m+fp/hard\libc_nano.a(lib_a-findfp.o)
                0x0000000008003a18                __sfp
 .text._fwalk_reent
                0x0000000008003aa4       0x3e c:/st/stm32cubeide_1.7.0/stm32cubeide/plugins/com.st.stm32cube.ide.mcu.externaltools.gnu-tools-for-stm32.10.3-2021.10.win32_1.0.100.202210260954/tools/bin/../lib/gcc/arm-none-eabi/10.3.1/../../../../arm-none-eabi/lib/thumb/v7e-m+fp/hard\libc_nano.a(lib_a-fwalk.o)
                0x0000000008003aa4                _fwalk_reent
 .text.__retarget_lock_init_recursive
                0x0000000008003ae2        0x2 c:/st/stm32cubeide_1.7.0/stm32cubeide/plugins/com.st.stm32cube.ide.mcu.externaltools.gnu-tools-for-stm32.10.3-2021.10.win32_1.0.100.202210260954/tools/bin/../lib/gcc/arm-none-eabi/10.3.1/../../../../arm-none-eabi/lib/thumb/v7e-m+fp/hard\libc_nano.a(lib_a-lock.o)
                0x0000000008003ae2                __retarget_lock_init_recursive
 .text.__retarget_lock_acquire_recursive
                0x0000000008003ae4        0x2 c:/st/stm32cubeide_1.7.0/stm32cubeide/plugins/com.st.stm32cube.ide.mcu.externaltools.gnu-tools-for-stm32.10.3-2021.10.win32_1.0.100.202210260954/tools/bin/../lib/gcc/arm-none-eabi/10.3.1/../../../../arm-none-eabi/lib/thumb/v7e-m+fp/hard\libc_nano.a(lib_a-lock.o)
                0x0000000008003ae4                __retarget_lock_acquire_recursive
 .text.__retarget_lock_release_recursive
                0x0000000008003ae6        0x2 c:/st/stm32cubeide_1.7.0/stm32cubeide/plugins/com.st.stm32cube.ide.mcu.externaltools.gnu-tools-for-stm32.10.3-2021.10.win32_1.0.100.202210260954/tools/bin/../lib/gcc/arm-none-eabi/10.3.1/../../../../arm-none-eabi/lib/thumb/v7e-m+fp/hard\libc_nano.a(lib_a-lock.o)
                0x0000000008003ae6                __retarget_lock_release_recursive
 .text.__swhatbuf_r
                0x0000000008003ae8       0x4a c:/st/stm32cubeide_1.7.0/stm32cubeide/plugins/com.st.stm32cube.ide.mcu.externaltools.gnu-tools-for-stm32.10.3-2021.10.win32_1.0.100.202210260954/tools/bin/../lib/gcc/arm-none-eabi/10.3.1/../../../../arm-none-eabi/lib/thumb/v7e-m+fp/hard\libc_nano.a(lib_a-makebuf.o)
                0x0000000008003ae8                __swhatbuf_r
 *fill*         0x0000000008003b32        0x2 
 .text.__smakebuf_r
                0x0000000008003b34       0x80 c:/st/stm32cubeide_1.7.0/stm32cubeide/plugins/com.st.stm32cube.ide.mcu.externaltools.gnu-tools-for-stm32.10.3-2021.10.win32_1.0.100.202210260954/tools/bin/../lib/gcc/arm-none-eabi/10.3.1/../../../../arm-none-eabi/lib/thumb/v7e-m+fp/hard\libc_nano.a(lib_a-makebuf.o)
                0x0000000008003b34                __smakebuf_r
 .text.__malloc_lock
                0x0000000008003bb4        0xc c:/st/stm32cubeide_1.7.0/stm32cubeide/plugins/com.st.stm32cube.ide.mcu.externaltools.gnu-tools-for-stm32.10.3-2021.10.win32_1.0.100.202210260954/tools/bin/../lib/gcc/arm-none-eabi/10.3.1/../../../../arm-none-eabi/lib/thumb/v7e-m+fp/hard\libc_nano.a(lib_a-mlock.o)
                0x0000000008003bb4                __malloc_lock
 .text.__malloc_unlock
                0x0000000008003bc0        0xc c:/st/stm32cubeide_1.7.0/stm32cubeide/plugins/com.st.stm32cube.ide.mcu.externaltools.gnu-tools-for-stm32.10.3-2021.10.win32_1.0.100.202210260954/tools/bin/../lib/gcc/arm-none-eabi/10.3.1/../../../../arm-none-eabi/lib/thumb/v7e-m+fp/hard\libc_nano.a(lib_a-mlock.o)
                0x0000000008003bc0                __malloc_unlock
 .text._raise_r
                0x0000000008003bcc       0x50 c:/st/stm32cubeide_1.7.0/stm32cubeide/plugins/com.st.stm32cube.ide.mcu.externaltools.gnu-tools-for-stm32.10.3-2021.10.win32_1.0.100.202210260954/tools/bin/../lib/gcc/arm-none-eabi/10.3.1/../../../../arm-none-eabi/lib/thumb/v7e-m+fp/hard\libc_nano.a(lib_a-signal.o)
                0x0000000008003bcc                _raise_r
 .text.raise    0x0000000008003c1c       0x10 c:/st/stm32cubeide_1.7.0/stm32cubeide/plugins/com.st.stm32cube.ide.mcu.externaltools.gnu-tools-for-stm32.10.3-2021.10.win32_1.0.100.202210260954/tools/bin/../lib/gcc/arm-none-eabi/10.3.1/../../../../arm-none-eabi/lib/thumb/v7e-m+fp/hard\libc_nano.a(lib_a-signal.o)
                0x0000000008003c1c                raise
 .text._kill_r  0x0000000008003c2c       0x24 c:/st/stm32cubeide_1.7.0/stm32cubeide/plugins/com.st.stm32cube.ide.mcu.externaltools.gnu-tools-for-stm32.10.3-2021.10.win32_1.0.100.202210260954/tools/bin/../lib/gcc/arm-none-eabi/10.3.1/../../../../arm-none-eabi/lib/thumb/v7e-m+fp/hard\libc_nano.a(lib_a-signalr.o)
                0x0000000008003c2c                _kill_r
 .text._getpid_r
                0x0000000008003c50        0x4 c:/st/stm32cubeide_1.7.0/stm32cubeide/plugins/com.st.stm32cube.ide.mcu.externaltools.gnu-tools-for-stm32.10.3-2021.10.win32_1.0.100.202210260954/tools/bin/../lib/gcc/arm-none-eabi/10.3.1/../../../../arm-none-eabi/lib/thumb/v7e-m+fp/hard\libc_nano.a(lib_a-signalr.o)
                0x0000000008003c50                _getpid_r
 .text.__sread  0x0000000008003c54       0x22 c:/st/stm32cubeide_1.7.0/stm32cubeide/plugins/com.st.stm32cube.ide.mcu.externaltools.gnu-tools-for-stm32.10.3-2021.10.win32_1.0.100.202210260954/tools/bin/../lib/gcc/arm-none-eabi/10.3.1/../../../../arm-none-eabi/lib/thumb/v7e-m+fp/hard\libc_nano.a(lib_a-stdio.o)
                0x0000000008003c54                __sread
 .text.__swrite
                0x0000000008003c76       0x38 c:/st/stm32cubeide_1.7.0/stm32cubeide/plugins/com.st.stm32cube.ide.mcu.externaltools.gnu-tools-for-stm32.10.3-2021.10.win32_1.0.100.202210260954/tools/bin/../lib/gcc/arm-none-eabi/10.3.1/../../../../arm-none-eabi/lib/thumb/v7e-m+fp/hard\libc_nano.a(lib_a-stdio.o)
                0x0000000008003c76                __swrite
 .text.__sseek  0x0000000008003cae       0x24 c:/st/stm32cubeide_1.7.0/stm32cubeide/plugins/com.st.stm32cube.ide.mcu.externaltools.gnu-tools-for-stm32.10.3-2021.10.win32_1.0.100.202210260954/tools/bin/../lib/gcc/arm-none-eabi/10.3.1/../../../../arm-none-eabi/lib/thumb/v7e-m+fp/hard\libc_nano.a(lib_a-stdio.o)
                0x0000000008003cae                __sseek
 .text.__sclose